Component: ARM Compiler 5.06 update 5 (build 528) Tool: armlink [4d35e2]

==============================================================================

Section Cross References

    startup_stm32f10x_md.o(RESET) refers to startup_stm32f10x_md.o(STACK) for __initial_sp
    startup_stm32f10x_md.o(RESET) refers to startup_stm32f10x_md.o(.text) for Reset_Handler
    startup_stm32f10x_md.o(RESET) refers to stm32f10x_it.o(i.NMI_Handler) for NMI_Handler
    startup_stm32f10x_md.o(RESET) refers to stm32f10x_it.o(i.HardFault_Handler) for HardFault_Handler
    startup_stm32f10x_md.o(RESET) refers to stm32f10x_it.o(i.MemManage_Handler) for MemManage_Handler
    startup_stm32f10x_md.o(RESET) refers to stm32f10x_it.o(i.BusFault_Handler) for BusFault_Handler
    startup_stm32f10x_md.o(RESET) refers to stm32f10x_it.o(i.UsageFault_Handler) for UsageFault_Handler
    startup_stm32f10x_md.o(RESET) refers to stm32f10x_it.o(i.SVC_Handler) for SVC_Handler
    startup_stm32f10x_md.o(RESET) refers to stm32f10x_it.o(i.DebugMon_Handler) for DebugMon_Handler
    startup_stm32f10x_md.o(RESET) refers to stm32f10x_it.o(i.PendSV_Handler) for PendSV_Handler
    startup_stm32f10x_md.o(RESET) refers to stm32f10x_it.o(i.SysTick_Handler) for SysTick_Handler
    startup_stm32f10x_md.o(RESET) refers to bsp_timer.o(i.TIM2_IRQHandler) for TIM2_IRQHandler
    startup_stm32f10x_md.o(RESET) refers to esp8266.o(i.USART1_IRQHandler) for USART1_IRQHandler
    startup_stm32f10x_md.o(RESET) refers to bsp_usart.o(i.USART3_IRQHandler) for USART3_IRQHandler
    startup_stm32f10x_md.o(.text) refers to system_stm32f10x.o(i.SystemInit) for SystemInit
    startup_stm32f10x_md.o(.text) refers to entry.o(.ARM.Collect$$$$00000000) for __main
    system_stm32f10x.o(i.SetSysClock) refers to system_stm32f10x.o(i.SetSysClockTo72) for SetSysClockTo72
    system_stm32f10x.o(i.SystemCoreClockUpdate) refers to system_stm32f10x.o(.data) for SystemCoreClock
    system_stm32f10x.o(i.SystemInit) refers to system_stm32f10x.o(i.SetSysClock) for SetSysClock
    stm32f10x_adc.o(i.ADC_DeInit) refers to stm32f10x_rcc.o(i.RCC_APB2PeriphResetCmd) for RCC_APB2PeriphResetCmd
    stm32f10x_bkp.o(i.BKP_DeInit) refers to stm32f10x_rcc.o(i.RCC_BackupResetCmd) for RCC_BackupResetCmd
    stm32f10x_can.o(i.CAN_DeInit) refers to stm32f10x_rcc.o(i.RCC_APB1PeriphResetCmd) for RCC_APB1PeriphResetCmd
    stm32f10x_can.o(i.CAN_GetITStatus) refers to stm32f10x_can.o(i.CheckITStatus) for CheckITStatus
    stm32f10x_cec.o(i.CEC_DeInit) refers to stm32f10x_rcc.o(i.RCC_APB1PeriphResetCmd) for RCC_APB1PeriphResetCmd
    stm32f10x_dac.o(i.DAC_DeInit) refers to stm32f10x_rcc.o(i.RCC_APB1PeriphResetCmd) for RCC_APB1PeriphResetCmd
    stm32f10x_flash.o(i.FLASH_EnableWriteProtection) refers to stm32f10x_flash.o(i.FLASH_WaitForLastOperation) for FLASH_WaitForLastOperation
    stm32f10x_flash.o(i.FLASH_EraseAllBank1Pages) refers to stm32f10x_flash.o(i.FLASH_WaitForLastBank1Operation) for FLASH_WaitForLastBank1Operation
    stm32f10x_flash.o(i.FLASH_EraseAllPages) refers to stm32f10x_flash.o(i.FLASH_WaitForLastOperation) for FLASH_WaitForLastOperation
    stm32f10x_flash.o(i.FLASH_EraseOptionBytes) refers to stm32f10x_flash.o(i.FLASH_GetReadOutProtectionStatus) for FLASH_GetReadOutProtectionStatus
    stm32f10x_flash.o(i.FLASH_EraseOptionBytes) refers to stm32f10x_flash.o(i.FLASH_WaitForLastOperation) for FLASH_WaitForLastOperation
    stm32f10x_flash.o(i.FLASH_ErasePage) refers to stm32f10x_flash.o(i.FLASH_WaitForLastOperation) for FLASH_WaitForLastOperation
    stm32f10x_flash.o(i.FLASH_ProgramHalfWord) refers to stm32f10x_flash.o(i.FLASH_WaitForLastOperation) for FLASH_WaitForLastOperation
    stm32f10x_flash.o(i.FLASH_ProgramOptionByteData) refers to stm32f10x_flash.o(i.FLASH_WaitForLastOperation) for FLASH_WaitForLastOperation
    stm32f10x_flash.o(i.FLASH_ProgramWord) refers to stm32f10x_flash.o(i.FLASH_WaitForLastOperation) for FLASH_WaitForLastOperation
    stm32f10x_flash.o(i.FLASH_ReadOutProtection) refers to stm32f10x_flash.o(i.FLASH_WaitForLastOperation) for FLASH_WaitForLastOperation
    stm32f10x_flash.o(i.FLASH_UserOptionByteConfig) refers to stm32f10x_flash.o(i.FLASH_WaitForLastOperation) for FLASH_WaitForLastOperation
    stm32f10x_flash.o(i.FLASH_WaitForLastBank1Operation) refers to stm32f10x_flash.o(i.FLASH_GetBank1Status) for FLASH_GetBank1Status
    stm32f10x_flash.o(i.FLASH_WaitForLastOperation) refers to stm32f10x_flash.o(i.FLASH_GetBank1Status) for FLASH_GetBank1Status
    stm32f10x_gpio.o(i.GPIO_AFIODeInit) refers to stm32f10x_rcc.o(i.RCC_APB2PeriphResetCmd) for RCC_APB2PeriphResetCmd
    stm32f10x_gpio.o(i.GPIO_DeInit) refers to stm32f10x_rcc.o(i.RCC_APB2PeriphResetCmd) for RCC_APB2PeriphResetCmd
    stm32f10x_i2c.o(i.I2C_DeInit) refers to stm32f10x_rcc.o(i.RCC_APB1PeriphResetCmd) for RCC_APB1PeriphResetCmd
    stm32f10x_i2c.o(i.I2C_Init) refers to stm32f10x_rcc.o(i.RCC_GetClocksFreq) for RCC_GetClocksFreq
[...]
    ../mathlib/pow.c                         0x00000000   Number         0  pow.o ABSOLUTE
    ../mathlib/qnan.c                        0x00000000   Number         0  qnan.o ABSOLUTE
    ../mathlib/round.c                       0x00000000   Number         0  round.o ABSOLUTE
    ../mathlib/sqrt.c                        0x00000000   Number         0  sqrt.o ABSOLUTE
    ../mathlib/sqrt.c                        0x00000000   Number         0  sqrt_x.o ABSOLUTE
    APP\app_alarm.c                          0x00000000   Number         0  app_alarm.o ABSOLUTE
    APP\app_init.c                           0x00000000   Number         0  app_init.o ABSOLUTE
    BSP\bsp_adc.c                            0x00000000   Number         0  bsp_adc.o ABSOLUTE
    BSP\bsp_dht11.c                          0x00000000   Number         0  bsp_dht11.o ABSOLUTE
    BSP\bsp_key.c                            0x00000000   Number         0  bsp_key.o ABSOLUTE
    BSP\bsp_led.c                            0x00000000   Number         0  bsp_led.o ABSOLUTE
    BSP\bsp_oled.c                           0x00000000   Number         0  bsp_oled.o ABSOLUTE
    BSP\bsp_oledfont.c                       0x00000000   Number         0  bsp_oledfont.o ABSOLUTE
    BSP\bsp_steppermotor.c                   0x00000000   Number         0  bsp_steppermotor.o ABSOLUTE
    BSP\bsp_timer.c                          0x00000000   Number         0  bsp_timer.o ABSOLUTE
    BSP\bsp_usart.c                          0x00000000   Number         0  bsp_usart.o ABSOLUTE
    Library\misc.c                           0x00000000   Number         0  misc.o ABSOLUTE
    Library\stm32f10x_adc.c                  0x00000000   Number         0  stm32f10x_adc.o ABSOLUTE
    Library\stm32f10x_bkp.c                  0x00000000   Number         0  stm32f10x_bkp.o ABSOLUTE
    Library\stm32f10x_can.c                  0x00000000   Number         0  stm32f10x_can.o ABSOLUTE
    Library\stm32f10x_cec.c                  0x00000000   Number         0  stm32f10x_cec.o ABSOLUTE
    Library\stm32f10x_crc.c                  0x00000000   Number         0  stm32f10x_crc.o ABSOLUTE
    Library\stm32f10x_dac.c                  0x00000000   Number         0  stm32f10x_dac.o ABSOLUTE
    Library\stm32f10x_dbgmcu.c               0x00000000   Number         0  stm32f10x_dbgmcu.o ABSOLUTE
    Library\stm32f10x_dma.c                  0x00000000   Number         0  stm32f10x_dma.o ABSOLUTE
    Library\stm32f10x_exti.c                 0x00000000   Number         0  stm32f10x_exti.o ABSOLUTE
    Library\stm32f10x_flash.c                0x00000000   Number         0  stm32f10x_flash.o ABSOLUTE
    Library\stm32f10x_fsmc.c                 0x00000000   Number         0  stm32f10x_fsmc.o ABSOLUTE
    Library\stm32f10x_gpio.c                 0x00000000   Number         0  stm32f10x_gpio.o ABSOLUTE
    Library\stm32f10x_i2c.c                  0x00000000   Number         0  stm32f10x_i2c.o ABSOLUTE
    Library\stm32f10x_iwdg.c                 0x00000000   Number         0  stm32f10x_iwdg.o ABSOLUTE
    Library\stm32f10x_pwr.c                  0x00000000   Number         0  stm32f10x_pwr.o ABSOLUTE
    Library\stm32f10x_rcc.c                  0x00000000   Number         0  stm32f10x_rcc.o ABSOLUTE
    Library\stm32f10x_rtc.c                  0x00000000   Number         0  stm32f10x_rtc.o ABSOLUTE
    Library\stm32f10x_sdio.c                 0x00000000   Number         0  stm32f10x_sdio.o ABSOLUTE
    Library\stm32f10x_spi.c                  0x00000000   Number         0  stm32f10x_spi.o ABSOLUTE
    Library\stm32f10x_tim.c                  0x00000000   Number         0  stm32f10x_tim.o ABSOLUTE
    Library\stm32f10x_usart.c                0x00000000   Number         0  stm32f10x_usart.o ABSOLUTE
    Library\stm32f10x_wwdg.c                 0x00000000   Number         0  stm32f10x_wwdg.o ABSOLUTE
    SYSTEM\bsp_delay.c                       0x00000000   Number         0  bsp_delay.o ABSOLUTE
    SYSTEM\bsp_filter.c                      0x00000000   Number         0  bsp_filter.o ABSOLUTE
    Startup\\core_cm3.c                      0x00000000   Number         0  core_cm3.o ABSOLUTE
    Startup\core_cm3.c                       0x00000000   Number         0  core_cm3.o ABSOLUTE
    Startup\startup_stm32f10x_md.s           0x00000000   Number         0  startup_stm32f10x_md.o ABSOLUTE
    Startup\system_stm32f10x.c               0x00000000   Number         0  system_stm32f10x.o ABSOLUTE
    User\main.c                              0x00000000   Number         0  main.o ABSOLUTE
    User\stm32f10x_it.c                      0x00000000   Number         0  stm32f10x_it.o ABSOLUTE
    WIFI\MqttKit.c                           0x00000000   Number         0  mqttkit.o ABSOLUTE
    WIFI\cJSON.c                             0x00000000   Number         0  cjson.o ABSOLUTE
    WIFI\esp8266.c                           0x00000000   Number         0  esp8266.o ABSOLUTE
    WIFI\onenet.c                            0x00000000   Number         0  onenet.o ABSOLUTE
    cdcmple.s                                0x00000000   Number         0  cdcmple.o ABSOLUTE
    cdrcmple.s                               0x00000000   Number         0  cdrcmple.o ABSOLUTE
    cfcmple.s                                0x00000000   Number         0  cfcmple.o ABSOLUTE
    dc.s                                     0x00000000   Number         0  dc.o ABSOLUTE
    handlers.s                               0x00000000   Number         0  handlers.o ABSOLUTE
    init.s                                   0x00000000   Number         0  init.o ABSOLUTE
    RESET                                    0x08000000   Section      236  startup_stm32f10x_md.o(RESET)
    .ARM.Collect$$$$00000000                 0x080000ec   Section        0  entry.o(.ARM.Collect$$$$00000000)
    .ARM.Collect$$$$00000001                 0x080000ec   Section        4  entry2.o(.ARM.Collect$$$$00000001)
    .ARM.Collect$$$$00000004                 0x080000f0   Section        4  entry5.o(.ARM.Collect$$$$00000004)
    .ARM.Collect$$$$00000008                 0x080000f4   Section        0  entry7b.o(.ARM.Collect$$$$00000008)
    .ARM.Collect$$$$0000000A                 0x080000f4   Section        0  entry8b.o(.ARM.Collect$$$$0000000A)
    .ARM.Collect$$$$0000000B                 0x080000f4   Section        8  entry9a.o(.ARM.Collect$$$$0000000B)
    .ARM.Collect$$$$0000000D                 0x080000fc   Section        0  entry10a.o(.ARM.Collect$$$$0000000D)
    .ARM.Collect$$$$0000000F                 0x080000fc   Section        0  entry11a.o(.ARM.Collect$$$$0000000F)
    .ARM.Collect$$$$00002712                 0x080000fc   Section        4  entry2.o(.ARM.Collect$$$$00002712)
    __lit__00000000                          0x080000fc   Data           4  entry2.o(.ARM.Collect$$$$00002712)
    .text                                    0x08000100   Section       36  startup_stm32f10x_md.o(.text)
    .text                                    0x08000124   Section        0  tolower.o(.text)
    .text                                    0x08000130   Section        0  memcpya.o(.text)
    .text                                    0x08000154   Section        0  memseta.o(.text)
    .text                                    0x08000178   Section        0  strstr.o(.text)
    .text                                    0x0800019c   Section        0  strchr.o(.text)
    .text                                    0x080001b0   Section        0  strlen.o(.text)
    .text                                    0x080001be   Section        0  strcmp.o(.text)
    .text                                    0x080001da   Section        0  strncat.o(.text)
    .text                                    0x08000202   Section        0  strncmp.o(.text)
    .text                                    0x08000220   Section        0  fadd.o(.text)
    .text                                    0x080002d0   Section        0  fmul.o(.text)
    .text                                    0x08000334   Section        0  fdiv.o(.text)
    .text                                    0x080003b0   Section        0  dadd.o(.text)
    .text                                    0x080004fe   Section        0  dmul.o(.text)
    .text                                    0x080005e2   Section        0  ddiv.o(.text)
    .text                                    0x080006c0   Section        0  ffltui.o(.text)
    .text                                    0x080006ca   Section        0  dflti.o(.text)
    .text                                    0x080006ec   Section        0  dfixi.o(.text)
    .text                                    0x0800072a   Section        0  f2d.o(.text)
    .text                                    0x08000750   Section       48  cdrcmple.o(.text)
    .text                                    0x08000780   Section        0  d2f.o(.text)
    .text                                    0x080007b8   Section        0  uidiv.o(.text)
    .text                                    0x080007e4   Section        0  uldiv.o(.text)
    .text                                    0x08000846   Section        0  llshl.o(.text)
    .text                                    0x08000864   Section        0  llushr.o(.text)
    .text                                    0x08000884   Section        0  llsshr.o(.text)
    .text                                    0x080008a8   Section        0  iusefp.o(.text)
    .text                                    0x080008a8   Section        0  fepilogue.o(.text)
    .text                                    0x08000916   Section        0  depilogue.o(.text)
    .text                                    0x080009d0   Section        0  dscalb.o(.text)
    .text                                    0x080009fe   Section        0  dfixul.o(.text)
    .text                                    0x08000a30   Section       36  init.o(.text)
    .text                                    0x08000a54   Section        0  dsqrt.o(.text)
    i.ADCx_PPM                               0x08000af8   Section        0  bsp_adc.o(i.ADCx_PPM)
    i.Alarm_Init                             0x08000ba4   Section        0  app_alarm.o(i.Alarm_Init)
    i.Alarm_Statue                           0x08000be8   Section        0  app_init.o(i.Alarm_Statue)
    i.App_Init                               0x08000c68   Section        0  app_init.o(i.App_Init)
    i.BusFault_Handler                       0x08000d5c   Section        0  stm32f10x_it.o(i.BusFault_Handler)
    i.DHT11_GPIO_Config                      0x08000d60   Section        0  bsp_dht11.o(i.DHT11_GPIO_Config)
    DHT11_GPIO_Config                        0x08000d61   Thumb Code    38  bsp_dht11.o(i.DHT11_GPIO_Config)
    i.DHT11_Init                             0x08000d8c   Section        0  bsp_dht11.o(i.DHT11_Init)
    i.DHT11_Mode_IPU                         0x08000da0   Section        0  bsp_dht11.o(i.DHT11_Mode_IPU)
    DHT11_Mode_IPU                           0x08000da1   Thumb Code    24  bsp_dht11.o(i.DHT11_Mode_IPU)
    i.DHT11_Mode_Out_PP                      0x08000dbc   Section        0  bsp_dht11.o(i.DHT11_Mode_Out_PP)
    DHT11_Mode_Out_PP                        0x08000dbd   Thumb Code    30  bsp_dht11.o(i.DHT11_Mode_Out_PP)
    i.DHT11_ReadByte                         0x08000de0   Section        0  bsp_dht11.o(i.DHT11_ReadByte)
    DHT11_ReadByte                           0x08000de1   Thumb Code    90  bsp_dht11.o(i.DHT11_ReadByte)
    i.DHT11_Read_TempAndHumidity             0x08000e40   Section        0  bsp_dht11.o(i.DHT11_Read_TempAndHumidity)
    i.DebugMon_Handler                       0x08000ee0   Section        0  stm32f10x_it.o(i.DebugMon_Handler)
    i.DelayMs                                0x08000ee4   Section        0  bsp_delay.o(i.DelayMs)
    i.DelayUs                                0x08000efc   Section        0  bsp_delay.o(i.DelayUs)
    i.Delay_Init                             0x08000f14   Section        0  bsp_delay.o(i.Delay_Init)
    i.ESP8266_Clear                          0x08000f28   Section        0  esp8266.o(i.ESP8266_Clear)
    i.ESP8266_GetIPD                         0x08000f44   Section        0  esp8266.o(i.ESP8266_GetIPD)
    i.ESP8266_Init                           0x08000fb4   Section        0  esp8266.o(i.ESP8266_Init)
    i.ESP8266_SendCmd                        0x08001144   Section        0  esp8266.o(i.ESP8266_SendCmd)
    i.ESP8266_SendData                       0x08001198   Section        0  esp8266.o(i.ESP8266_SendData)
    i.ESP8266_WaitRecive                     0x080011e0   Section        0  esp8266.o(i.ESP8266_WaitRecive)
    i.FilterValue                            0x08001214   Section        0  bsp_filter.o(i.FilterValue)
    i.Filter_Init                            0x08001298   Section        0  bsp_filter.o(i.Filter_Init)
    i.GPIO_Init                              0x080012a8   Section        0  stm32f10x_gpio.o(i.GPIO_Init)
    i.GPIO_ReadInputDataBit                  0x080013be   Section        0  stm32f10x_gpio.o(i.GPIO_ReadInputDataBit)
    i.GPIO_ResetBits                         0x080013d0   Section        0  stm32f10x_gpio.o(i.GPIO_ResetBits)
    i.GPIO_SetBits                           0x080013d4   Section        0  stm32f10x_gpio.o(i.GPIO_SetBits)
    i.GPIO_WriteBit                          0x080013d8   Section        0  stm32f10x_gpio.o(i.GPIO_WriteBit)
    i.HardFault_Handler                      0x080013e2   Section        0  stm32f10x_it.o(i.HardFault_Handler)
    i.JsonValue                              0x080013e8   Section        0  app_init.o(i.JsonValue)
    i.Key_Init                               0x08001430   Section        0  bsp_key.o(i.Key_Init)
    i.Key_Scan                               0x0800145c   Section        0  bsp_key.o(i.Key_Scan)
    i.LED_Init                               0x080014d4   Section        0  bsp_led.o(i.LED_Init)
    i.MQTT_DeleteBuffer                      0x0800150c   Section        0  mqttkit.o(i.MQTT_DeleteBuffer)
    i.MQTT_DumpLength                        0x08001528   Section        0  mqttkit.o(i.MQTT_DumpLength)
    i.MQTT_NewBuffer                         0x08001556   Section        0  mqttkit.o(i.MQTT_NewBuffer)
    i.MQTT_PacketCmdResp                     0x080015b0   Section        0  mqttkit.o(i.MQTT_PacketCmdResp)
    i.MQTT_PacketConnect                     0x0800163c   Section        0  mqttkit.o(i.MQTT_PacketConnect)
    i.MQTT_PacketPublish                     0x080018dc   Section        0  mqttkit.o(i.MQTT_PacketPublish)
    i.MQTT_PacketPublishComp                 0x08001a94   Section        0  mqttkit.o(i.MQTT_PacketPublishComp)
    i.MQTT_PacketPublishRel                  0x08001adc   Section        0  mqttkit.o(i.MQTT_PacketPublishRel)
    i.MQTT_PacketSubscribe                   0x08001b24   Section        0  mqttkit.o(i.MQTT_PacketSubscribe)
    i.MQTT_ReadLength                        0x08001c22   Section        0  mqttkit.o(i.MQTT_ReadLength)
    i.MQTT_UnPacketCmd                       0x08001c68   Section        0  mqttkit.o(i.MQTT_UnPacketCmd)
    i.MQTT_UnPacketConnectAck                0x08001cf4   Section        0  mqttkit.o(i.MQTT_UnPacketConnectAck)
    i.MQTT_UnPacketPublish                   0x08001d14   Section        0  mqttkit.o(i.MQTT_UnPacketPublish)
    i.MQTT_UnPacketPublishAck                0x08001ed4   Section        0  mqttkit.o(i.MQTT_UnPacketPublishAck)
    i.MQTT_UnPacketPublishComp               0x08001ef2   Section        0  mqttkit.o(i.MQTT_UnPacketPublishComp)
    i.MQTT_UnPacketPublishRec                0x08001f10   Section        0  mqttkit.o(i.MQTT_UnPacketPublishRec)
    i.MQTT_UnPacketPublishRel                0x08001f2e   Section        0  mqttkit.o(i.MQTT_UnPacketPublishRel)
    i.MQTT_UnPacketRecv                      0x08001f54   Section        0  mqttkit.o(i.MQTT_UnPacketRecv)
    i.MQTT_UnPacketSubscribe                 0x08001fc8   Section        0  mqttkit.o(i.MQTT_UnPacketSubscribe)
    i.MQTT_UnPacketUnSubscribe               0x08001ffc   Section        0  mqttkit.o(i.MQTT_UnPacketUnSubscribe)
    i.MemManage_Handler                      0x0800200e   Section        0  stm32f10x_it.o(i.MemManage_Handler)
    i.NMI_Handler                            0x08002012   Section        0  stm32f10x_it.o(i.NMI_Handler)
    i.OLED_Clear                             0x08002014   Section        0  bsp_oled.o(i.OLED_Clear)
    i.OLED_ClearArea                         0x0800203c   Section        0  bsp_oled.o(i.OLED_ClearArea)
    i.OLED_GPIO_Init                         0x080020cc   Section        0  bsp_oled.o(i.OLED_GPIO_Init)
    i.OLED_I2C_SendByte                      0x08002118   Section        0  bsp_oled.o(i.OLED_I2C_SendByte)
    i.OLED_I2C_Start                         0x08002156   Section        0  bsp_oled.o(i.OLED_I2C_Start)
    i.OLED_I2C_Stop                          0x08002172   Section        0  bsp_oled.o(i.OLED_I2C_Stop)
    i.OLED_Init                              0x08002188   Section        0  bsp_oled.o(i.OLED_Init)
    i.OLED_Printf                            0x08002222   Section        0  bsp_oled.o(i.OLED_Printf)
    i.OLED_SetCursor                         0x08002254   Section        0  bsp_oled.o(i.OLED_SetCursor)
    i.OLED_Show                              0x08002278   Section        0  app_init.o(i.OLED_Show)
    i.OLED_Show1                             0x080023b0   Section        0  app_init.o(i.OLED_Show1)
    i.OLED_Show2                             0x08002438   Section        0  app_init.o(i.OLED_Show2)
    i.OLED_Show3                             0x080024c0   Section        0  app_init.o(i.OLED_Show3)
    i.OLED_Show4                             0x0800257c   Section        0  app_init.o(i.OLED_Show4)
    i.OLED_Show5                             0x08002638   Section        0  app_init.o(i.OLED_Show5)
    i.OLED_ShowChar                          0x080026f0   Section        0  bsp_oled.o(i.OLED_ShowChar)
    i.OLED_ShowImage                         0x08002744   Section        0  bsp_oled.o(i.OLED_ShowImage)
    i.OLED_ShowString                        0x08002840   Section        0  bsp_oled.o(i.OLED_ShowString)
    i.OLED_Switch                            0x08002a04   Section        0  app_init.o(i.OLED_Switch)
    i.OLED_Update                            0x08002a74   Section        0  bsp_oled.o(i.OLED_Update)
    i.OLED_W_SCL                             0x08002a9c   Section        0  bsp_oled.o(i.OLED_W_SCL)
    i.OLED_W_SDA                             0x08002ab0   Section        0  bsp_oled.o(i.OLED_W_SDA)
    i.OLED_WriteCommand                      0x08002ac4   Section        0  bsp_oled.o(i.OLED_WriteCommand)
    i.OLED_WriteData                         0x08002ae4   Section        0  bsp_oled.o(i.OLED_WriteData)
    i.OneNet_DevLink                         0x08002b14   Section        0  onenet.o(i.OneNet_DevLink)
    i.OneNet_Publish                         0x08002d80   Section        0  onenet.o(i.OneNet_Publish)
    i.OneNet_RevPro                          0x08002dfc   Section        0  onenet.o(i.OneNet_RevPro)
    i.OneNet_Subscribe                       0x080031f8   Section        0  onenet.o(i.OneNet_Subscribe)
    i.PendSV_Handler                         0x08003264   Section        0  stm32f10x_it.o(i.PendSV_Handler)
    i.RCC_APB2PeriphClockCmd                 0x08003268   Section        0  stm32f10x_rcc.o(i.RCC_APB2PeriphClockCmd)
    i.SVC_Handler                            0x08003288   Section        0  stm32f10x_it.o(i.SVC_Handler)
    i.SetSysClock                            0x0800328a   Section        0  system_stm32f10x.o(i.SetSysClock)
    SetSysClock                              0x0800328b   Thumb Code     8  system_stm32f10x.o(i.SetSysClock)
    i.SetSysClockTo72                        0x08003294   Section        0  system_stm32f10x.o(i.SetSysClockTo72)
    SetSysClockTo72                          0x08003295   Thumb Code   214  system_stm32f10x.o(i.SetSysClockTo72)
    i.SysTick_Delay                          0x08003374   Section        0  bsp_delay.o(i.SysTick_Delay)
    SysTick_Delay                            0x08003375   Thumb Code    64  bsp_delay.o(i.SysTick_Delay)
    i.SysTick_Handler                        0x080033b4   Section        0  stm32f10x_it.o(i.SysTick_Handler)
    i.SystemInit                             0x080033b8   Section        0  system_stm32f10x.o(i.SystemInit)
    i.TIM2_IRQHandler                        0x08003418   Section        0  bsp_timer.o(i.TIM2_IRQHandler)
    i.TIM_ClearITPendingBit                  0x08003430   Section        0  stm32f10x_tim.o(i.TIM_ClearITPendingBit)
    i.TIM_GetFlagStatus                      0x08003436   Section        0  stm32f10x_tim.o(i.TIM_GetFlagStatus)
    i.USART1_IRQHandler                      0x08003448   Section        0  esp8266.o(i.USART1_IRQHandler)
    i.USART3_IRQHandler                      0x08003494   Section        0  bsp_usart.o(i.USART3_IRQHandler)
    i.USART_ClearFlag                        0x080034b0   Section        0  stm32f10x_usart.o(i.USART_ClearFlag)
    i.USART_GetFlagStatus                    0x080034c2   Section        0  stm32f10x_usart.o(i.USART_GetFlagStatus)
    i.USART_GetITStatus                      0x080034dc   Section        0  stm32f10x_usart.o(i.USART_GetITStatus)
    i.USART_SendData                         0x08003530   Section        0  stm32f10x_usart.o(i.USART_SendData)
    i.UsageFault_Handler                     0x08003538   Section        0  stm32f10x_it.o(i.UsageFault_Handler)
    i.Usart_Printf                           0x0800353c   Section        0  bsp_usart.o(i.Usart_Printf)
    i.Usart_SendString                       0x08003584   Section        0  bsp_usart.o(i.Usart_SendString)
    i.__0sprintf                             0x080035c0   Section        0  printfa.o(i.__0sprintf)
    i.__0vsnprintf                           0x080035e8   Section        0  printfa.o(i.__0vsnprintf)
    i.__0vsprintf                            0x08003614   Section        0  printfa.o(i.__0vsprintf)
    i.__ARM_fpclassify                       0x08003638   Section        0  fpclassify.o(i.__ARM_fpclassify)
    i.__kernel_poly                          0x08003660   Section        0  poly.o(i.__kernel_poly)
    i.__mathlib_dbl_divzero                  0x0800370c   Section        0  dunder.o(i.__mathlib_dbl_divzero)
    i.__mathlib_dbl_infnan2                  0x0800371c   Section        0  dunder.o(i.__mathlib_dbl_infnan2)
    i.__mathlib_dbl_invalid                  0x08003720   Section        0  dunder.o(i.__mathlib_dbl_invalid)
    i.__mathlib_dbl_overflow                 0x0800372c   Section        0  dunder.o(i.__mathlib_dbl_overflow)
    i.__mathlib_dbl_underflow                0x0800373c   Section        0  dunder.o(i.__mathlib_dbl_underflow)
    i.__scatterload_copy                     0x0800374c   Section       14  handlers.o(i.__scatterload_copy)
    i.__scatterload_null                     0x0800375a   Section        2  handlers.o(i.__scatterload_null)
    i.__scatterload_zeroinit                 0x0800375c   Section       14  handlers.o(i.__scatterload_zeroinit)
    i.__set_errno                            0x0800376c   Section        0  errno.o(i.__set_errno)
    i._fp_digits                             0x08003778   Section        0  printfa.o(i._fp_digits)
    _fp_digits                               0x08003779   Thumb Code   366  printfa.o(i._fp_digits)
    i._printf_core                           0x080038fc   Section        0  printfa.o(i._printf_core)
    _printf_core                             0x080038fd   Thumb Code  1744  printfa.o(i._printf_core)
    i._printf_post_padding                   0x08003fd8   Section        0  printfa.o(i._printf_post_padding)
    _printf_post_padding                     0x08003fd9   Thumb Code    36  printfa.o(i._printf_post_padding)
    i._printf_pre_padding                    0x08003ffc   Section        0  printfa.o(i._printf_pre_padding)
    _printf_pre_padding                      0x08003ffd   Thumb Code    46  printfa.o(i._printf_pre_padding)
    i._snputc                                0x0800402a   Section        0  printfa.o(i._snputc)
    _snputc                                  0x0800402b   Thumb Code    22  printfa.o(i._snputc)
    i._sputc                                 0x08004040   Section        0  printfa.o(i._sputc)
    _sputc                                   0x08004041   Thumb Code    10  printfa.o(i._sputc)
    i.cJSON_Delete                           0x0800404c   Section        0  cjson.o(i.cJSON_Delete)
    i.cJSON_GetObjectItem                    0x080040a4   Section        0  cjson.o(i.cJSON_GetObjectItem)
    i.cJSON_New_Item                         0x080040c4   Section        0  cjson.o(i.cJSON_New_Item)
    cJSON_New_Item                           0x080040c5   Thumb Code    26  cjson.o(i.cJSON_New_Item)
    i.cJSON_Parse                            0x080040e4   Section        0  cjson.o(i.cJSON_Parse)
    i.cJSON_ParseWithOpts                    0x080040f4   Section        0  cjson.o(i.cJSON_ParseWithOpts)
    i.cJSON_strcasecmp                       0x08004158   Section        0  cjson.o(i.cJSON_strcasecmp)
    cJSON_strcasecmp                         0x08004159   Thumb Code    76  cjson.o(i.cJSON_strcasecmp)
    i.free                                   0x080041a4   Section        0  malloc.o(i.free)
    i.main                                   0x080041f4   Section        0  main.o(i.main)
    i.malloc                                 0x08004200   Section        0  malloc.o(i.malloc)
    i.parse_array                            0x0800426c   Section        0  cjson.o(i.parse_array)
    parse_array                              0x0800426d   Thumb Code   166  cjson.o(i.parse_array)
    i.parse_hex4                             0x08004318   Section        0  cjson.o(i.parse_hex4)
    parse_hex4                               0x08004319   Thumb Code   276  cjson.o(i.parse_hex4)
    i.parse_number                           0x0800442c   Section        0  cjson.o(i.parse_number)
    parse_number                             0x0800442d   Thumb Code   432  cjson.o(i.parse_number)
    i.parse_object                           0x080045e8   Section        0  cjson.o(i.parse_object)
    parse_object                             0x080045e9   Thumb Code   270  cjson.o(i.parse_object)
    i.parse_string                           0x080046fc   Section        0  cjson.o(i.parse_string)
    parse_string                             0x080046fd   Thumb Code   448  cjson.o(i.parse_string)
    i.parse_value                            0x080048c8   Section        0  cjson.o(i.parse_value)
    parse_value                              0x080048c9   Thumb Code   158  cjson.o(i.parse_value)
    i.pow                                    0x08004984   Section        0  pow.o(i.pow)
    i.skip                                   0x0800535c   Section        0  cjson.o(i.skip)
    skip                                     0x0800535d   Thumb Code    18  cjson.o(i.skip)
    i.sqrt                                   0x0800536e   Section        0  sqrt.o(i.sqrt)
    .constdata                               0x080053ba   Section       41  app_init.o(.constdata)
    .constdata                               0x080053e3   Section     3084  bsp_oledfont.o(.constdata)
    .constdata                               0x08005fef   Section        7  cjson.o(.constdata)
    firstByteMark                            0x08005fef   Data           7  cjson.o(.constdata)
    .constdata                               0x08005ff8   Section      136  pow.o(.constdata)
    bp                                       0x08005ff8   Data          16  pow.o(.constdata)
    dp_h                                     0x08006008   Data          16  pow.o(.constdata)
    dp_l                                     0x08006018   Data          16  pow.o(.constdata)
    L                                        0x08006028   Data          48  pow.o(.constdata)
    P                                        0x08006058   Data          40  pow.o(.constdata)
    .constdata                               0x08006080   Section        8  qnan.o(.constdata)
    .conststring                             0x08006088   Section      145  app_init.o(.conststring)
    .conststring                             0x0800611c   Section      123  onenet.o(.conststring)
    .data                                    0x20000000   Section       55  app_init.o(.data)
    .data                                    0x20000038   Section        6  bsp_adc.o(.data)
    .data                                    0x2000003e   Section        1  bsp_key.o(.data)
    key_up                                   0x2000003e   Data           1  bsp_key.o(.data)
    .data                                    0x20000040   Section        8  bsp_delay.o(.data)
    UsCount                                  0x20000040   Data           4  bsp_delay.o(.data)
    MsCount                                  0x20000044   Data           4  bsp_delay.o(.data)
    .data                                    0x20000048   Section       12  cjson.o(.data)
    ep                                       0x20000048   Data           4  cjson.o(.data)
    cJSON_malloc                             0x2000004c   Data           4  cjson.o(.data)
    cJSON_free                               0x20000050   Data           4  cjson.o(.data)
    .data                                    0x20000054   Section        4  esp8266.o(.data)
    .data                                    0x20000058   Section        2  onenet.o(.data)
    pkt_id                                   0x20000058   Data           2  onenet.o(.data)
    .data                                    0x2000005c   Section        4  mvars.o(.data)
    .data                                    0x20000060   Section        4  mvars.o(.data)
    .data                                    0x20000064   Section        4  errno.o(.data)
    _errno                                   0x20000064   Data           4  errno.o(.data)
    .bss                                     0x20000068   Section      416  app_init.o(.bss)
    .bss                                     0x20000208   Section     1024  bsp_oled.o(.bss)
    .bss                                     0x20000608   Section      512  esp8266.o(.bss)
    HEAP                                     0x20000808   Section      512  startup_stm32f10x_md.o(HEAP)
    STACK                                    0x20000a08   Section     1024  startup_stm32f10x_md.o(STACK)

    Global Symbols

    Symbol Name                              Value     Ov Type        Size  Object(Section)

    BuildAttributes$$THM_ISAv4$P$D$K$B$S$PE$A:L22UL41UL21$X:L11$S22US41US21$IEEE1$IW$USESV6$~STKCKD$USESV7$~SHL$OTIME$ROPI$IEEEX$EBA8$MICROLIB$REQ8$PRES8$EABIv2 0x00000000   Number         0  anon$$obj.o ABSOLUTE
    __ARM_use_no_argv                        0x00000000   Number         0  main.o ABSOLUTE
    _printf_a                                0x00000000   Number         0  stubs.o ABSOLUTE
    _printf_c                                0x00000000   Number         0  stubs.o ABSOLUTE
    _printf_charcount                        0x00000000   Number         0  stubs.o ABSOLUTE
    _printf_d                                0x00000000   Number         0  stubs.o ABSOLUTE
    _printf_e                                0x00000000   Number         0  stubs.o ABSOLUTE
    _printf_f                                0x00000000   Number         0  stubs.o ABSOLUTE
    _printf_flags                            0x00000000   Number         0  stubs.o ABSOLUTE
    _printf_fp_dec                           0x00000000   Number         0  stubs.o ABSOLUTE
    _printf_fp_hex                           0x00000000   Number         0  stubs.o ABSOLUTE
    _printf_g                                0x00000000   Number         0  stubs.o ABSOLUTE
    _printf_i                                0x00000000   Number         0  stubs.o ABSOLUTE
    _printf_int_dec                          0x00000000   Number         0  stubs.o ABSOLUTE
    _printf_l                                0x00000000   Number         0  stubs.o ABSOLUTE
    _printf_lc                               0x00000000   Number         0  stubs.o ABSOLUTE
    _printf_ll                               0x00000000   Number         0  stubs.o ABSOLUTE
    _printf_lld                              0x00000000   Number         0  stubs.o ABSOLUTE
    _printf_lli                              0x00000000   Number         0  stubs.o ABSOLUTE
    _printf_llo                              0x00000000   Number         0  stubs.o ABSOLUTE
    _printf_llu                              0x00000000   Number         0  stubs.o ABSOLUTE
    _printf_llx                              0x00000000   Number         0  stubs.o ABSOLUTE
    _printf_longlong_dec                     0x00000000   Number         0  stubs.o ABSOLUTE
    _printf_longlong_hex                     0x00000000   Number         0  stubs.o ABSOLUTE
    _printf_longlong_oct                     0x00000000   Number         0  stubs.o ABSOLUTE
    _printf_ls                               0x00000000   Number         0  stubs.o ABSOLUTE
    _printf_mbtowc                           0x00000000   Number         0  stubs.o ABSOLUTE
    _printf_n                                0x00000000   Number         0  stubs.o ABSOLUTE
    _printf_o                                0x00000000   Number         0  stubs.o ABSOLUTE
    _printf_p                                0x00000000   Number         0  stubs.o ABSOLUTE
    _printf_percent                          0x00000000   Number         0  stubs.o ABSOLUTE
    _printf_pre_padding                      0x00000000   Number         0  stubs.o ABSOLUTE
    _printf_return_value                     0x00000000   Number         0  stubs.o ABSOLUTE
    _printf_s                                0x00000000   Number         0  stubs.o ABSOLUTE
    _printf_sizespec                         0x00000000   Number         0  stubs.o ABSOLUTE
    _printf_str                              0x00000000   Number         0  stubs.o ABSOLUTE
    _printf_truncate_signed                  0x00000000   Number         0  stubs.o ABSOLUTE
    _printf_truncate_unsigned                0x00000000   Number         0  stubs.o ABSOLUTE
    _printf_u                                0x00000000   Number         0  stubs.o ABSOLUTE
    _printf_wc                               0x00000000   Number         0  stubs.o ABSOLUTE
    _printf_wctomb                           0x00000000   Number         0  stubs.o ABSOLUTE
    _printf_widthprec                        0x00000000   Number         0  stubs.o ABSOLUTE
    _printf_x                                0x00000000   Number         0  stubs.o ABSOLUTE
    __cpp_initialize__aeabi_                  - Undefined Weak Reference
    __cxa_finalize                            - Undefined Weak Reference
    __decompress                              - Undefined Weak Reference
    _clock_init                               - Undefined Weak Reference
    _microlib_exit                            - Undefined Weak Reference
    __Vectors_Size                           0x000000ec   Number         0  startup_stm32f10x_md.o ABSOLUTE
    __Vectors                                0x08000000   Data           4  startup_stm32f10x_md.o(RESET)
    __Vectors_End                            0x080000ec   Data           0  startup_stm32f10x_md.o(RESET)
    __main                                   0x080000ed   Thumb Code     0  entry.o(.ARM.Collect$$$$00000000)
    _main_stk                                0x080000ed   Thumb Code     0  entry2.o(.ARM.Collect$$$$00000001)
    _main_scatterload                        0x080000f1   Thumb Code     0  entry5.o(.ARM.Collect$$$$00000004)
    __main_after_scatterload                 0x080000f5   Thumb Code     0  entry5.o(.ARM.Collect$$$$00000004)
    _main_clock                              0x080000f5   Thumb Code     0  entry7b.o(.ARM.Collect$$$$00000008)
    _main_cpp_init                           0x080000f5   Thumb Code     0  entry8b.o(.ARM.Collect$$$$0000000A)
    _main_init                               0x080000f5   Thumb Code     0  entry9a.o(.ARM.Collect$$$$0000000B)
    __rt_final_cpp                           0x080000fd   Thumb Code     0  entry10a.o(.ARM.Collect$$$$0000000D)
    __rt_final_exit                          0x080000fd   Thumb Code     0  entry11a.o(.ARM.Collect$$$$0000000F)
    Reset_Handler                            0x08000101   Thumb Code     8  startup_stm32f10x_md.o(.text)
    ADC1_2_IRQHandler                        0x0800011b   Thumb Code     0  startup_stm32f10x_md.o(.text)
    CAN1_RX1_IRQHandler                      0x0800011b   Thumb Code     0  startup_stm32f10x_md.o(.text)
    CAN1_SCE_IRQHandler                      0x0800011b   Thumb Code     0  startup_stm32f10x_md.o(.text)
    DMA1_Channel1_IRQHandler                 0x0800011b   Thumb Code     0  startup_stm32f10x_md.o(.text)
    DMA1_Channel2_IRQHandler                 0x0800011b   Thumb Code     0  startup_stm32f10x_md.o(.text)
    DMA1_Channel3_IRQHandler                 0x0800011b   Thumb Code     0  startup_stm32f10x_md.o(.text)
    DMA1_Channel4_IRQHandler                 0x0800011b   Thumb Code     0  startup_stm32f10x_md.o(.text)
    DMA1_Channel5_IRQHandler                 0x0800011b   Thumb Code     0  startup_stm32f10x_md.o(.text)
    DMA1_Channel6_IRQHandler                 0x0800011b   Thumb Code     0  startup_stm32f10x_md.o(.text)
    DMA1_Channel7_IRQHandler                 0x0800011b   Thumb Code     0  startup_stm32f10x_md.o(.text)
    EXTI0_IRQHandler                         0x0800011b   Thumb Code     0  startup_stm32f10x_md.o(.text)
    EXTI15_10_IRQHandler                     0x0800011b   Thumb Code     0  startup_stm32f10x_md.o(.text)
    EXTI1_IRQHandler                         0x0800011b   Thumb Code     0  startup_stm32f10x_md.o(.text)
    EXTI2_IRQHandler                         0x0800011b   Thumb Code     0  startup_stm32f10x_md.o(.text)
    EXTI3_IRQHandler                         0x0800011b   Thumb Code     0  startup_stm32f10x_md.o(.text)
    EXTI4_IRQHandler                         0x0800011b   Thumb Code     0  startup_stm32f10x_md.o(.text)
    EXTI9_5_IRQHandler                       0x0800011b   Thumb Code     0  startup_stm32f10x_md.o(.text)
    FLASH_IRQHandler                         0x0800011b   Thumb Code     0  startup_stm32f10x_md.o(.text)
    I2C1_ER_IRQHandler                       0x0800011b   Thumb Code     0  startup_stm32f10x_md.o(.text)
    I2C1_EV_IRQHandler                       0x0800011b   Thumb Code     0  startup_stm32f10x_md.o(.text)
    I2C2_ER_IRQHandler                       0x0800011b   Thumb Code     0  startup_stm32f10x_md.o(.text)
    I2C2_EV_IRQHandler                       0x0800011b   Thumb Code     0  startup_stm32f10x_md.o(.text)
    PVD_IRQHandler                           0x0800011b   Thumb Code     0  startup_stm32f10x_md.o(.text)
    RCC_IRQHandler                           0x0800011b   Thumb Code     0  startup_stm32f10x_md.o(.text)
    RTCAlarm_IRQHandler                      0x0800011b   Thumb Code     0  startup_stm32f10x_md.o(.text)
    RTC_IRQHandler                           0x0800011b   Thumb Code     0  startup_stm32f10x_md.o(.text)
    SPI1_IRQHandler                          0x0800011b   Thumb Code     0  startup_stm32f10x_md.o(.text)
    SPI2_IRQHandler                          0x0800011b   Thumb Code     0  startup_stm32f10x_md.o(.text)
    TAMPER_IRQHandler                        0x0800011b   Thumb Code     0  startup_stm32f10x_md.o(.text)
    TIM1_BRK_IRQHandler                      0x0800011b   Thumb Code     0  startup_stm32f10x_md.o(.text)
    TIM1_CC_IRQHandler                       0x0800011b   Thumb Code     0  startup_stm32f10x_md.o(.text)
    TIM1_TRG_COM_IRQHandler                  0x0800011b   Thumb Code     0  startup_stm32f10x_md.o(.text)
    TIM1_UP_IRQHandler                       0x0800011b   Thumb Code     0  startup_stm32f10x_md.o(.text)
    TIM3_IRQHandler                          0x0800011b   Thumb Code     0  startup_stm32f10x_md.o(.text)
    TIM4_IRQHandler                          0x0800011b   Thumb Code     0  startup_stm32f10x_md.o(.text)
    USART2_IRQHandler                        0x0800011b   Thumb Code     0  startup_stm32f10x_md.o(.text)
    USBWakeUp_IRQHandler                     0x0800011b   Thumb Code     0  startup_stm32f10x_md.o(.text)
    USB_HP_CAN1_TX_IRQHandler                0x0800011b   Thumb Code     0  startup_stm32f10x_md.o(.text)
    USB_LP_CAN1_RX0_IRQHandler               0x0800011b   Thumb Code     0  startup_stm32f10x_md.o(.text)
    WWDG_IRQHandler                          0x0800011b   Thumb Code     0  startup_stm32f10x_md.o(.text)
    tolower                                  0x08000125   Thumb Code    12  tolower.o(.text)
    __aeabi_memcpy                           0x08000131   Thumb Code    36  memcpya.o(.text)
    __aeabi_memcpy4                          0x08000131   Thumb Code     0  memcpya.o(.text)
    __aeabi_memcpy8                          0x08000131   Thumb Code     0  memcpya.o(.text)
    __aeabi_memset                           0x08000155   Thumb Code    14  memseta.o(.text)
    __aeabi_memset4                          0x08000155   Thumb Code     0  memseta.o(.text)
    __aeabi_memset8                          0x08000155   Thumb Code     0  memseta.o(.text)
    __aeabi_memclr                           0x08000163   Thumb Code     4  memseta.o(.text)
    __aeabi_memclr4                          0x08000163   Thumb Code     0  memseta.o(.text)
    __aeabi_memclr8                          0x08000163   Thumb Code     0  memseta.o(.text)
    _memset$wrapper                          0x08000167   Thumb Code    18  memseta.o(.text)
    strstr                                   0x08000179   Thumb Code    36  strstr.o(.text)
    strchr                                   0x0800019d   Thumb Code    20  strchr.o(.text)
    strlen                                   0x080001b1   Thumb Code    14  strlen.o(.text)
    strcmp                                   0x080001bf   Thumb Code    28  strcmp.o(.text)
    strncat                                  0x080001db   Thumb Code    40  strncat.o(.text)
    strncmp                                  0x08000203   Thumb Code    30  strncmp.o(.text)
    __aeabi_fadd                             0x08000221   Thumb Code   164  fadd.o(.text)
    __aeabi_fsub                             0x080002c5   Thumb Code     6  fadd.o(.text)
    __aeabi_frsub                            0x080002cb   Thumb Code     6  fadd.o(.text)
    __aeabi_fmul                             0x080002d1   Thumb Code   100  fmul.o(.text)
    __aeabi_fdiv                             0x08000335   Thumb Code   124  fdiv.o(.text)
    __aeabi_dadd                             0x080003b1   Thumb Code   322  dadd.o(.text)
    __aeabi_dsub                             0x080004f3   Thumb Code     6  dadd.o(.text)
    __aeabi_drsub                            0x080004f9   Thumb Code     6  dadd.o(.text)
    __aeabi_dmul                             0x080004ff   Thumb Code   228  dmul.o(.text)
    __aeabi_ddiv                             0x080005e3   Thumb Code   222  ddiv.o(.text)
    __aeabi_ui2f                             0x080006c1   Thumb Code    10  ffltui.o(.text)
    __aeabi_i2d                              0x080006cb   Thumb Code    34  dflti.o(.text)
    __aeabi_d2iz                             0x080006ed   Thumb Code    62  dfixi.o(.text)
    __aeabi_f2d                              0x0800072b   Thumb Code    38  f2d.o(.text)
    __aeabi_cdrcmple                         0x08000751   Thumb Code    48  cdrcmple.o(.text)
    __aeabi_d2f                              0x08000781   Thumb Code    56  d2f.o(.text)
    __aeabi_uidiv                            0x080007b9   Thumb Code     0  uidiv.o(.text)
    __aeabi_uidivmod                         0x080007b9   Thumb Code    44  uidiv.o(.text)
    __aeabi_uldivmod                         0x080007e5   Thumb Code    98  uldiv.o(.text)
    __aeabi_llsl                             0x08000847   Thumb Code    30  llshl.o(.text)
    _ll_shift_l                              0x08000847   Thumb Code     0  llshl.o(.text)
    __aeabi_llsr                             0x08000865   Thumb Code    32  llushr.o(.text)
    _ll_ushift_r                             0x08000865   Thumb Code     0  llushr.o(.text)
    __aeabi_lasr                             0x08000885   Thumb Code    36  llsshr.o(.text)
    _ll_sshift_r                             0x08000885   Thumb Code     0  llsshr.o(.text)
    __I$use$fp                               0x080008a9   Thumb Code     0  iusefp.o(.text)
    _float_round                             0x080008a9   Thumb Code    18  fepilogue.o(.text)
    _float_epilogue                          0x080008bb   Thumb Code    92  fepilogue.o(.text)
    _double_round                            0x08000917   Thumb Code    30  depilogue.o(.text)
    _double_epilogue                         0x08000935   Thumb Code   156  depilogue.o(.text)
    __ARM_scalbn                             0x080009d1   Thumb Code    46  dscalb.o(.text)
    scalbn                                   0x080009d1   Thumb Code     0  dscalb.o(.text)
    __aeabi_d2ulz                            0x080009ff   Thumb Code    48  dfixul.o(.text)
    __scatterload                            0x08000a31   Thumb Code    28  init.o(.text)
    __scatterload_rt2                        0x08000a31   Thumb Code     0  init.o(.text)
    _dsqrt                                   0x08000a55   Thumb Code   162  dsqrt.o(.text)
    ADCx_PPM                                 0x08000af9   Thumb Code   146  bsp_adc.o(i.ADCx_PPM)
    Alarm_Init                               0x08000ba5   Thumb Code    60  app_alarm.o(i.Alarm_Init)
    Alarm_Statue                             0x08000be9   Thumb Code   104  app_init.o(i.Alarm_Statue)
    App_Init                                 0x08000c69   Thumb Code   184  app_init.o(i.App_Init)
    BusFault_Handler                         0x08000d5d   Thumb Code     4  stm32f10x_it.o(i.BusFault_Handler)
    DHT11_Init                               0x08000d8d   Thumb Code    16  bsp_dht11.o(i.DHT11_Init)
    DHT11_Read_TempAndHumidity               0x08000e41   Thumb Code   154  bsp_dht11.o(i.DHT11_Read_TempAndHumidity)
    DebugMon_Handler                         0x08000ee1   Thumb Code     2  stm32f10x_it.o(i.DebugMon_Handler)
    DelayMs                                  0x08000ee5   Thumb Code    18  bsp_delay.o(i.DelayMs)
    DelayUs                                  0x08000efd   Thumb Code    18  bsp_delay.o(i.DelayUs)
    Delay_Init                               0x08000f15   Thumb Code    18  bsp_delay.o(i.Delay_Init)
    ESP8266_Clear                            0x08000f29   Thumb Code    20  esp8266.o(i.ESP8266_Clear)
    ESP8266_GetIPD                           0x08000f45   Thumb Code    76  esp8266.o(i.ESP8266_GetIPD)
    ESP8266_Init                             0x08000fb5   Thumb Code   166  esp8266.o(i.ESP8266_Init)
    ESP8266_SendCmd                          0x08001145   Thumb Code    76  esp8266.o(i.ESP8266_SendCmd)
    ESP8266_SendData                         0x08001199   Thumb Code    46  esp8266.o(i.ESP8266_SendData)
    ESP8266_WaitRecive                       0x080011e1   Thumb Code    42  esp8266.o(i.ESP8266_WaitRecive)
    FilterValue                              0x08001215   Thumb Code   130  bsp_filter.o(i.FilterValue)
    Filter_Init                              0x08001299   Thumb Code    12  bsp_filter.o(i.Filter_Init)
    GPIO_Init                                0x080012a9   Thumb Code   278  stm32f10x_gpio.o(i.GPIO_Init)
    GPIO_ReadInputDataBit                    0x080013bf   Thumb Code    18  stm32f10x_gpio.o(i.GPIO_ReadInputDataBit)
    GPIO_ResetBits                           0x080013d1   Thumb Code     4  stm32f10x_gpio.o(i.GPIO_ResetBits)
    GPIO_SetBits                             0x080013d5   Thumb Code     4  stm32f10x_gpio.o(i.GPIO_SetBits)
    GPIO_WriteBit                            0x080013d9   Thumb Code    10  stm32f10x_gpio.o(i.GPIO_WriteBit)
    HardFault_Handler                        0x080013e3   Thumb Code     4  stm32f10x_it.o(i.HardFault_Handler)
    JsonValue                                0x080013e9   Thumb Code    42  app_init.o(i.JsonValue)
    Key_Init                                 0x08001431   Thumb Code    40  bsp_key.o(i.Key_Init)
    Key_Scan                                 0x0800145d   Thumb Code   112  bsp_key.o(i.Key_Scan)
    LED_Init                                 0x080014d5   Thumb Code    50  bsp_led.o(i.LED_Init)
    MQTT_DeleteBuffer                        0x0800150d   Thumb Code    28  mqttkit.o(i.MQTT_DeleteBuffer)
    MQTT_DumpLength                          0x08001529   Thumb Code    46  mqttkit.o(i.MQTT_DumpLength)
    MQTT_NewBuffer                           0x08001557   Thumb Code    88  mqttkit.o(i.MQTT_NewBuffer)
    MQTT_PacketCmdResp                       0x080015b1   Thumb Code   132  mqttkit.o(i.MQTT_PacketCmdResp)
    MQTT_PacketConnect                       0x0800163d   Thumb Code   666  mqttkit.o(i.MQTT_PacketConnect)
    MQTT_PacketPublish                       0x080018dd   Thumb Code   440  mqttkit.o(i.MQTT_PacketPublish)
    MQTT_PacketPublishComp                   0x08001a95   Thumb Code    72  mqttkit.o(i.MQTT_PacketPublishComp)
    MQTT_PacketPublishRel                    0x08001add   Thumb Code    72  mqttkit.o(i.MQTT_PacketPublishRel)
    MQTT_PacketSubscribe                     0x08001b25   Thumb Code   254  mqttkit.o(i.MQTT_PacketSubscribe)
    MQTT_ReadLength                          0x08001c23   Thumb Code    70  mqttkit.o(i.MQTT_ReadLength)
    MQTT_UnPacketCmd                         0x08001c69   Thumb Code   140  mqttkit.o(i.MQTT_UnPacketCmd)
    MQTT_UnPacketConnectAck                  0x08001cf5   Thumb Code    30  mqttkit.o(i.MQTT_UnPacketConnectAck)
    MQTT_UnPacketPublish                     0x08001d15   Thumb Code   438  mqttkit.o(i.MQTT_UnPacketPublish)
    MQTT_UnPacketPublishAck                  0x08001ed5   Thumb Code    30  mqttkit.o(i.MQTT_UnPacketPublishAck)
    MQTT_UnPacketPublishComp                 0x08001ef3   Thumb Code    30  mqttkit.o(i.MQTT_UnPacketPublishComp)
    MQTT_UnPacketPublishRec                  0x08001f11   Thumb Code    30  mqttkit.o(i.MQTT_UnPacketPublishRec)
    MQTT_UnPacketPublishRel                  0x08001f2f   Thumb Code    36  mqttkit.o(i.MQTT_UnPacketPublishRel)
    MQTT_UnPacketRecv                        0x08001f55   Thumb Code   106  mqttkit.o(i.MQTT_UnPacketRecv)
    MQTT_UnPacketSubscribe                   0x08001fc9   Thumb Code    52  mqttkit.o(i.MQTT_UnPacketSubscribe)
    MQTT_UnPacketUnSubscribe                 0x08001ffd   Thumb Code    18  mqttkit.o(i.MQTT_UnPacketUnSubscribe)
    MemManage_Handler                        0x0800200f   Thumb Code     4  stm32f10x_it.o(i.MemManage_Handler)
    NMI_Handler                              0x08002013   Thumb Code     2  stm32f10x_it.o(i.NMI_Handler)
    OLED_Clear                               0x08002015   Thumb Code    36  bsp_oled.o(i.OLED_Clear)
    OLED_ClearArea                           0x0800203d   Thumb Code   140  bsp_oled.o(i.OLED_ClearArea)
    OLED_GPIO_Init                           0x080020cd   Thumb Code    70  bsp_oled.o(i.OLED_GPIO_Init)
    OLED_I2C_SendByte                        0x08002119   Thumb Code    62  bsp_oled.o(i.OLED_I2C_SendByte)
    OLED_I2C_Start                           0x08002157   Thumb Code    28  bsp_oled.o(i.OLED_I2C_Start)
    OLED_I2C_Stop                            0x08002173   Thumb Code    22  bsp_oled.o(i.OLED_I2C_Stop)
    OLED_Init                                0x08002189   Thumb Code   154  bsp_oled.o(i.OLED_Init)
    OLED_Printf                              0x08002223   Thumb Code    50  bsp_oled.o(i.OLED_Printf)
    OLED_SetCursor                           0x08002255   Thumb Code    34  bsp_oled.o(i.OLED_SetCursor)
    OLED_Show                                0x08002279   Thumb Code   198  app_init.o(i.OLED_Show)
    OLED_Show1                               0x080023b1   Thumb Code    98  app_init.o(i.OLED_Show1)
    OLED_Show2                               0x08002439   Thumb Code    98  app_init.o(i.OLED_Show2)
    OLED_Show3                               0x080024c1   Thumb Code   144  app_init.o(i.OLED_Show3)
    OLED_Show4                               0x0800257d   Thumb Code   142  app_init.o(i.OLED_Show4)
    OLED_Show5                               0x08002639   Thumb Code   142  app_init.o(i.OLED_Show5)
    OLED_ShowChar                            0x080026f1   Thumb Code    74  bsp_oled.o(i.OLED_ShowChar)
    OLED_ShowImage                           0x08002745   Thumb Code   248  bsp_oled.o(i.OLED_ShowImage)
    OLED_ShowString                          0x08002841   Thumb Code   442  bsp_oled.o(i.OLED_ShowString)
    OLED_Switch                              0x08002a05   Thumb Code   102  app_init.o(i.OLED_Switch)
    OLED_Update                              0x08002a75   Thumb Code    36  bsp_oled.o(i.OLED_Update)
    OLED_W_SCL                               0x08002a9d   Thumb Code    16  bsp_oled.o(i.OLED_W_SCL)
    OLED_W_SDA                               0x08002ab1   Thumb Code    16  bsp_oled.o(i.OLED_W_SDA)
    OLED_WriteCommand                        0x08002ac5   Thumb Code    32  bsp_oled.o(i.OLED_WriteCommand)
    OLED_WriteData                           0x08002ae5   Thumb Code    46  bsp_oled.o(i.OLED_WriteData)
    OneNet_DevLink                           0x08002b15   Thumb Code   218  onenet.o(i.OneNet_DevLink)
    OneNet_Publish                           0x08002d81   Thumb Code    86  onenet.o(i.OneNet_Publish)
    OneNet_RevPro                            0x08002dfd   Thumb Code   552  onenet.o(i.OneNet_RevPro)
    OneNet_Subscribe                         0x080031f9   Thumb Code    80  onenet.o(i.OneNet_Subscribe)
    PendSV_Handler                           0x08003265   Thumb Code     2  stm32f10x_it.o(i.PendSV_Handler)
    RCC_APB2PeriphClockCmd                   0x08003269   Thumb Code    26  stm32f10x_rcc.o(i.RCC_APB2PeriphClockCmd)
    SVC_Handler                              0x08003289   Thumb Code     2  stm32f10x_it.o(i.SVC_Handler)
    SysTick_Handler                          0x080033b5   Thumb Code     2  stm32f10x_it.o(i.SysTick_Handler)
    SystemInit                               0x080033b9   Thumb Code    78  system_stm32f10x.o(i.SystemInit)
    TIM2_IRQHandler                          0x08003419   Thumb Code    24  bsp_timer.o(i.TIM2_IRQHandler)
    TIM_ClearITPendingBit                    0x08003431   Thumb Code     6  stm32f10x_tim.o(i.TIM_ClearITPendingBit)
    TIM_GetFlagStatus                        0x08003437   Thumb Code    18  stm32f10x_tim.o(i.TIM_GetFlagStatus)
    USART1_IRQHandler                        0x08003449   Thumb Code    64  esp8266.o(i.USART1_IRQHandler)
    USART3_IRQHandler                        0x08003495   Thumb Code    24  bsp_usart.o(i.USART3_IRQHandler)
    USART_ClearFlag                          0x080034b1   Thumb Code    18  stm32f10x_usart.o(i.USART_ClearFlag)
    USART_GetFlagStatus                      0x080034c3   Thumb Code    26  stm32f10x_usart.o(i.USART_GetFlagStatus)
    USART_GetITStatus                        0x080034dd   Thumb Code    84  stm32f10x_usart.o(i.USART_GetITStatus)
    USART_SendData                           0x08003531   Thumb Code     8  stm32f10x_usart.o(i.USART_SendData)
    UsageFault_Handler                       0x08003539   Thumb Code     4  stm32f10x_it.o(i.UsageFault_Handler)
    Usart_Printf                             0x0800353d   Thumb Code    72  bsp_usart.o(i.Usart_Printf)
    Usart_SendString                         0x08003585   Thumb Code    60  bsp_usart.o(i.Usart_SendString)
    __0sprintf                               0x080035c1   Thumb Code    34  printfa.o(i.__0sprintf)
    __1sprintf                               0x080035c1   Thumb Code     0  printfa.o(i.__0sprintf)
    __2sprintf                               0x080035c1   Thumb Code     0  printfa.o(i.__0sprintf)
    __c89sprintf                             0x080035c1   Thumb Code     0  printfa.o(i.__0sprintf)
    sprintf                                  0x080035c1   Thumb Code     0  printfa.o(i.__0sprintf)
    __0vsnprintf                             0x080035e9   Thumb Code    40  printfa.o(i.__0vsnprintf)
    __1vsnprintf                             0x080035e9   Thumb Code     0  printfa.o(i.__0vsnprintf)
    __2vsnprintf                             0x080035e9   Thumb Code     0  printfa.o(i.__0vsnprintf)
    __c89vsnprintf                           0x080035e9   Thumb Code     0  printfa.o(i.__0vsnprintf)
    vsnprintf                                0x080035e9   Thumb Code     0  printfa.o(i.__0vsnprintf)
    __0vsprintf                              0x08003615   Thumb Code    30  printfa.o(i.__0vsprintf)
    __1vsprintf                              0x08003615   Thumb Code     0  printfa.o(i.__0vsprintf)
    __2vsprintf                              0x08003615   Thumb Code     0  printfa.o(i.__0vsprintf)
    __c89vsprintf                            0x08003615   Thumb Code     0  printfa.o(i.__0vsprintf)
    vsprintf                                 0x08003615   Thumb Code     0  printfa.o(i.__0vsprintf)
    __ARM_fpclassify                         0x08003639   Thumb Code    40  fpclassify.o(i.__ARM_fpclassify)
    __kernel_poly                            0x08003661   Thumb Code   170  poly.o(i.__kernel_poly)
    __mathlib_dbl_divzero                    0x0800370d   Thumb Code    12  dunder.o(i.__mathlib_dbl_divzero)
    __mathlib_dbl_infnan2                    0x0800371d   Thumb Code     4  dunder.o(i.__mathlib_dbl_infnan2)
    __mathlib_dbl_invalid                    0x08003721   Thumb Code    12  dunder.o(i.__mathlib_dbl_invalid)
    __mathlib_dbl_overflow                   0x0800372d   Thumb Code    14  dunder.o(i.__mathlib_dbl_overflow)
    __mathlib_dbl_underflow                  0x0800373d   Thumb Code    10  dunder.o(i.__mathlib_dbl_underflow)
    __scatterload_copy                       0x0800374d   Thumb Code    14  handlers.o(i.__scatterload_copy)
    __scatterload_null                       0x0800375b   Thumb Code     2  handlers.o(i.__scatterload_null)
    __scatterload_zeroinit                   0x0800375d   Thumb Code    14  handlers.o(i.__scatterload_zeroinit)
    __set_errno                              0x0800376d   Thumb Code     6  errno.o(i.__set_errno)
    cJSON_Delete                             0x0800404d   Thumb Code    82  cjson.o(i.cJSON_Delete)
    cJSON_GetObjectItem                      0x080040a5   Thumb Code    30  cjson.o(i.cJSON_GetObjectItem)
    cJSON_Parse                              0x080040e5   Thumb Code    16  cjson.o(i.cJSON_Parse)
    cJSON_ParseWithOpts                      0x080040f5   Thumb Code    96  cjson.o(i.cJSON_ParseWithOpts)
    free                                     0x080041a5   Thumb Code    76  malloc.o(i.free)
    main                                     0x080041f5   Thumb Code    10  main.o(i.main)
    malloc                                   0x08004201   Thumb Code    92  malloc.o(i.malloc)
    pow                                      0x08004985   Thumb Code  2512  pow.o(i.pow)
    sqrt                                     0x0800536f   Thumb Code    76  sqrt.o(i.sqrt)
    devPubTopic                              0x080053ba   Data          41  app_init.o(.constdata)
    OLED_F8x16                               0x080053e3   Data        1520  bsp_oledfont.o(.constdata)
    OLED_F6x8                                0x080059d3   Data         570  bsp_oledfont.o(.constdata)
    OLED_CF16x16                             0x08005c0d   Data         962  bsp_oledfont.o(.constdata)
    Diode                                    0x08005fcf   Data          32  bsp_oledfont.o(.constdata)
    __mathlib_zero                           0x08006080   Data           8  qnan.o(.constdata)
    Region$$Table$$Base                      0x08006198   Number         0  anon$$obj.o(Region$$Table)
    Region$$Table$$Limit                     0x080061b8   Number         0  anon$$obj.o(Region$$Table)
    DHT11_Data                               0x20000000   Data           4  app_init.o(.data)
    key_value                                0x20000004   Data           1  app_init.o(.data)
    Temp_Thr                                 0x20000006   Data           2  app_init.o(.data)
    Humi_Thr                                 0x20000008   Data           2  app_init.o(.data)
    Flame_Thr                                0x20000010   Data           8  app_init.o(.data)
    Mq2_Thr                                  0x20000018   Data           8  app_init.o(.data)
    Mq135_Thr                                0x20000020   Data           8  app_init.o(.data)
    TIMEOUT                                  0x20000028   Data           1  app_init.o(.data)
    currentState                             0x20000029   Data           1  app_init.o(.data)
    devSubTopic                              0x2000002c   Data           4  app_init.o(.data)
    dataPtr                                  0x20000030   Data           4  app_init.o(.data)
    TimeCount                                0x20000034   Data           2  app_init.o(.data)
    Alarm_flag                               0x20000036   Data           1  app_init.o(.data)
    ADCx_Value                               0x20000038   Data           6  bsp_adc.o(.data)
    esp8266_cnt                              0x20000054   Data           2  esp8266.o(.data)
    esp8266_cntPre                           0x20000056   Data           2  esp8266.o(.data)
    __microlib_freelist                      0x2000005c   Data           4  mvars.o(.data)
    __microlib_freelist_initialised          0x20000060   Data           4  mvars.o(.data)
    oled_Temp                                0x20000068   Data          16  app_init.o(.bss)
    oled_TempThr                             0x20000078   Data          16  app_init.o(.bss)
    oled_Humi                                0x20000088   Data          16  app_init.o(.bss)
    oled_HumiThr                             0x20000098   Data          16  app_init.o(.bss)
    Flame_ppm                                0x200000a8   Data          32  app_init.o(.bss)
    Mq2_ppm                                  0x200000c8   Data          32  app_init.o(.bss)
    Mq135_ppm                                0x200000e8   Data          32  app_init.o(.bss)
    PUBLIS_BUF                               0x20000108   Data         256  app_init.o(.bss)
    OLED_DisplayBuf                          0x20000208   Data        1024  bsp_oled.o(.bss)
    esp8266_buf                              0x20000608   Data         512  esp8266.o(.bss)
    __heap_base                              0x20000808   Data           0  startup_stm32f10x_md.o(HEAP)
    __heap_limit                             0x20000a08   Data           0  startup_stm32f10x_md.o(HEAP)
    __initial_sp                             0x20000e08   Data           0  startup_stm32f10x_md.o(STACK)



==============================================================================

Memory Map of the image

  Image Entry point : 0x080000ed

  Load Region LR_IROM1 (Base: 0x08000000, Size: 0x00006220, Max: 0x00010000, ABSOLUTE)

    Execution Region ER_IROM1 (Exec base: 0x08000000, Load base: 0x08000000, Size: 0x000061b8, Max: 0x00010000, ABSOLUTE)

    Exec Addr    Load Addr    Size         Type   Attr      Idx    E Section Name        Object

    0x08000000   0x08000000   0x000000ec   Data   RO            3    RESET               startup_stm32f10x_md.o
    0x080000ec   0x080000ec   0x00000000   Code   RO         4600  * .ARM.Collect$$$$00000000  mc_w.l(entry.o)
    0x080000ec   0x080000ec   0x00000004   Code   RO         4985    .ARM.Collect$$$$00000001  mc_w.l(entry2.o)
    0x080000f0   0x080000f0   0x00000004   Code   RO         4988    .ARM.Collect$$$$00000004  mc_w.l(entry5.o)
    0x080000f4   0x080000f4   0x00000000   Code   RO         4990    .ARM.Collect$$$$00000008  mc_w.l(entry7b.o)
    0x080000f4   0x080000f4   0x00000000   Code   RO         4992    .ARM.Collect$$$$0000000A  mc_w.l(entry8b.o)
    0x080000f4   0x080000f4   0x00000008   Code   RO         4993    .ARM.Collect$$$$0000000B  mc_w.l(entry9a.o)
    0x080000fc   0x080000fc   0x00000000   Code   RO         4995    .ARM.Collect$$$$0000000D  mc_w.l(entry10a.o)
    0x080000fc   0x080000fc   0x00000000   Code   RO         4997    .ARM.Collect$$$$0000000F  mc_w.l(entry11a.o)
    0x080000fc   0x080000fc   0x00000004   Code   RO         4986    .ARM.Collect$$$$00002712  mc_w.l(entry2.o)
    0x08000100   0x08000100   0x00000024   Code   RO            4    .text               startup_stm32f10x_md.o
    0x08000124   0x08000124   0x0000000c   Code   RO         4603    .text               mc_w.l(tolower.o)
    0x08000130   0x08000130   0x00000024   Code   RO         4605    .text               mc_w.l(memcpya.o)
    0x08000154   0x08000154   0x00000024   Code   RO         4607    .text               mc_w.l(memseta.o)
    0x08000178   0x08000178   0x00000024   Code   RO         4609    .text               mc_w.l(strstr.o)
    0x0800019c   0x0800019c   0x00000014   Code   RO         4611    .text               mc_w.l(strchr.o)
    0x080001b0   0x080001b0   0x0000000e   Code   RO         4613    .text               mc_w.l(strlen.o)
    0x080001be   0x080001be   0x0000001c   Code   RO         4615    .text               mc_w.l(strcmp.o)
    0x080001da   0x080001da   0x00000028   Code   RO         4617    .text               mc_w.l(strncat.o)
    0x08000202   0x08000202   0x0000001e   Code   RO         4621    .text               mc_w.l(strncmp.o)
    0x08000220   0x08000220   0x000000b0   Code   RO         4914    .text               mf_w.l(fadd.o)
    0x080002d0   0x080002d0   0x00000064   Code   RO         4916    .text               mf_w.l(fmul.o)
    0x08000334   0x08000334   0x0000007c   Code   RO         4918    .text               mf_w.l(fdiv.o)
    0x080003b0   0x080003b0   0x0000014e   Code   RO         4920    .text               mf_w.l(dadd.o)
    0x080004fe   0x080004fe   0x000000e4   Code   RO         4922    .text               mf_w.l(dmul.o)
    0x080005e2   0x080005e2   0x000000de   Code   RO         4924    .text               mf_w.l(ddiv.o)
    0x080006c0   0x080006c0   0x0000000a   Code   RO         4928    .text               mf_w.l(ffltui.o)
    0x080006ca   0x080006ca   0x00000022   Code   RO         4930    .text               mf_w.l(dflti.o)
    0x080006ec   0x080006ec   0x0000003e   Code   RO         4934    .text               mf_w.l(dfixi.o)
    0x0800072a   0x0800072a   0x00000026   Code   RO         4938    .text               mf_w.l(f2d.o)
    0x08000750   0x08000750   0x00000030   Code   RO         4942    .text               mf_w.l(cdrcmple.o)
    0x08000780   0x08000780   0x00000038   Code   RO         4944    .text               mf_w.l(d2f.o)
    0x080007b8   0x080007b8   0x0000002c   Code   RO         5002    .text               mc_w.l(uidiv.o)
    0x080007e4   0x080007e4   0x00000062   Code   RO         5004    .text               mc_w.l(uldiv.o)
    0x08000846   0x08000846   0x0000001e   Code   RO         5006    .text               mc_w.l(llshl.o)
    0x08000864   0x08000864   0x00000020   Code   RO         5008    .text               mc_w.l(llushr.o)
    0x08000884   0x08000884   0x00000024   Code   RO         5010    .text               mc_w.l(llsshr.o)
    0x080008a8   0x080008a8   0x00000000   Code   RO         5021    .text               mc_w.l(iusefp.o)
    0x080008a8   0x080008a8   0x0000006e   Code   RO         5022    .text               mf_w.l(fepilogue.o)
    0x08000916   0x08000916   0x000000ba   Code   RO         5024    .text               mf_w.l(depilogue.o)
    0x080009d0   0x080009d0   0x0000002e   Code   RO         5026    .text               mf_w.l(dscalb.o)
    0x080009fe   0x080009fe   0x00000030   Code   RO         5030    .text               mf_w.l(dfixul.o)
    0x08000a2e   0x08000a2e   0x00000002   PAD
    0x08000a30   0x08000a30   0x00000024   Code   RO         5032    .text               mc_w.l(init.o)
    0x08000a54   0x08000a54   0x000000a2   Code   RO         5036    .text               mf_w.l(dsqrt.o)
    0x08000af6   0x08000af6   0x00000002   PAD
    0x08000af8   0x08000af8   0x000000ac   Code   RO         3412    i.ADCx_PPM          bsp_adc.o
    0x08000ba4   0x08000ba4   0x00000044   Code   RO         3321    i.Alarm_Init        app_alarm.o
    0x08000be8   0x08000be8   0x00000080   Code   RO         3336    i.Alarm_Statue      app_init.o
    0x08000c68   0x08000c68   0x000000f4   Code   RO         3337    i.App_Init          app_init.o
    0x08000d5c   0x08000d5c   0x00000004   Code   RO         3196    i.BusFault_Handler  stm32f10x_it.o
    0x08000d60   0x08000d60   0x0000002c   Code   RO         3442    i.DHT11_GPIO_Config  bsp_dht11.o
    0x08000d8c   0x08000d8c   0x00000014   Code   RO         3443    i.DHT11_Init        bsp_dht11.o
    0x08000da0   0x08000da0   0x0000001c   Code   RO         3444    i.DHT11_Mode_IPU    bsp_dht11.o
    0x08000dbc   0x08000dbc   0x00000024   Code   RO         3445    i.DHT11_Mode_Out_PP  bsp_dht11.o
    0x08000de0   0x08000de0   0x00000060   Code   RO         3446    i.DHT11_ReadByte    bsp_dht11.o
    0x08000e40   0x08000e40   0x000000a0   Code   RO         3447    i.DHT11_Read_TempAndHumidity  bsp_dht11.o
    0x08000ee0   0x08000ee0   0x00000002   Code   RO         3197    i.DebugMon_Handler  stm32f10x_it.o
    0x08000ee2   0x08000ee2   0x00000002   PAD
    0x08000ee4   0x08000ee4   0x00000018   Code   RO         3886    i.DelayMs           bsp_delay.o
    0x08000efc   0x08000efc   0x00000018   Code   RO         3887    i.DelayUs           bsp_delay.o
    0x08000f14   0x08000f14   0x00000012   Code   RO         3888    i.Delay_Init        bsp_delay.o
    0x08000f26   0x08000f26   0x00000002   PAD
    0x08000f28   0x08000f28   0x0000001c   Code   RO         4292    i.ESP8266_Clear     esp8266.o
    0x08000f44   0x08000f44   0x00000070   Code   RO         4293    i.ESP8266_GetIPD    esp8266.o
    0x08000fb4   0x08000fb4   0x00000190   Code   RO         4294    i.ESP8266_Init      esp8266.o
    0x08001144   0x08001144   0x00000054   Code   RO         4295    i.ESP8266_SendCmd   esp8266.o
    0x08001198   0x08001198   0x00000048   Code   RO         4296    i.ESP8266_SendData  esp8266.o
    0x080011e0   0x080011e0   0x00000034   Code   RO         4297    i.ESP8266_WaitRecive  esp8266.o
    0x08001214   0x08001214   0x00000082   Code   RO         3920    i.FilterValue       bsp_filter.o
    0x08001296   0x08001296   0x00000002   PAD
    0x08001298   0x08001298   0x00000010   Code   RO         3921    i.Filter_Init       bsp_filter.o
    0x080012a8   0x080012a8   0x00000116   Code   RO         1347    i.GPIO_Init         stm32f10x_gpio.o
    0x080013be   0x080013be   0x00000012   Code   RO         1351    i.GPIO_ReadInputDataBit  stm32f10x_gpio.o
    0x080013d0   0x080013d0   0x00000004   Code   RO         1354    i.GPIO_ResetBits    stm32f10x_gpio.o
    0x080013d4   0x080013d4   0x00000004   Code   RO         1355    i.GPIO_SetBits      stm32f10x_gpio.o
    0x080013d8   0x080013d8   0x0000000a   Code   RO         1358    i.GPIO_WriteBit     stm32f10x_gpio.o
    0x080013e2   0x080013e2   0x00000004   Code   RO         3198    i.HardFault_Handler  stm32f10x_it.o
    0x080013e6   0x080013e6   0x00000002   PAD
    0x080013e8   0x080013e8   0x00000048   Code   RO         3338    i.JsonValue         app_init.o
    0x08001430   0x08001430   0x0000002c   Code   RO         3483    i.Key_Init          bsp_key.o
    0x0800145c   0x0800145c   0x00000078   Code   RO         3484    i.Key_Scan          bsp_key.o
    0x080014d4   0x080014d4   0x00000038   Code   RO         3505    i.LED_Init          bsp_led.o
    0x0800150c   0x0800150c   0x0000001c   Code   RO         4350    i.MQTT_DeleteBuffer  mqttkit.o
    0x08001528   0x08001528   0x0000002e   Code   RO         4351    i.MQTT_DumpLength   mqttkit.o
    0x08001556   0x08001556   0x00000058   Code   RO         4352    i.MQTT_NewBuffer    mqttkit.o
    0x080015ae   0x080015ae   0x00000002   PAD
    0x080015b0   0x080015b0   0x0000008c   Code   RO         4353    i.MQTT_PacketCmdResp  mqttkit.o
    0x0800163c   0x0800163c   0x000002a0   Code   RO         4354    i.MQTT_PacketConnect  mqttkit.o
    0x080018dc   0x080018dc   0x000001b8   Code   RO         4357    i.MQTT_PacketPublish  mqttkit.o
    0x08001a94   0x08001a94   0x00000048   Code   RO         4359    i.MQTT_PacketPublishComp  mqttkit.o
    0x08001adc   0x08001adc   0x00000048   Code   RO         4361    i.MQTT_PacketPublishRel  mqttkit.o
    0x08001b24   0x08001b24   0x000000fe   Code   RO         4364    i.MQTT_PacketSubscribe  mqttkit.o
    0x08001c22   0x08001c22   0x00000046   Code   RO         4366    i.MQTT_ReadLength   mqttkit.o
    0x08001c68   0x08001c68   0x0000008c   Code   RO         4367    i.MQTT_UnPacketCmd  mqttkit.o
    0x08001cf4   0x08001cf4   0x0000001e   Code   RO         4368    i.MQTT_UnPacketConnectAck  mqttkit.o
    0x08001d12   0x08001d12   0x00000002   PAD
    0x08001d14   0x08001d14   0x000001c0   Code   RO         4369    i.MQTT_UnPacketPublish  mqttkit.o
    0x08001ed4   0x08001ed4   0x0000001e   Code   RO         4370    i.MQTT_UnPacketPublishAck  mqttkit.o
    0x08001ef2   0x08001ef2   0x0000001e   Code   RO         4371    i.MQTT_UnPacketPublishComp  mqttkit.o
    0x08001f10   0x08001f10   0x0000001e   Code   RO         4372    i.MQTT_UnPacketPublishRec  mqttkit.o
    0x08001f2e   0x08001f2e   0x00000024   Code   RO         4373    i.MQTT_UnPacketPublishRel  mqttkit.o
    0x08001f52   0x08001f52   0x00000002   PAD
    0x08001f54   0x08001f54   0x00000074   Code   RO         4374    i.MQTT_UnPacketRecv  mqttkit.o
    0x08001fc8   0x08001fc8   0x00000034   Code   RO         4375    i.MQTT_UnPacketSubscribe  mqttkit.o
    0x08001ffc   0x08001ffc   0x00000012   Code   RO         4376    i.MQTT_UnPacketUnSubscribe  mqttkit.o
    0x0800200e   0x0800200e   0x00000004   Code   RO         3199    i.MemManage_Handler  stm32f10x_it.o
    0x08002012   0x08002012   0x00000002   Code   RO         3200    i.NMI_Handler       stm32f10x_it.o
    0x08002014   0x08002014   0x00000028   Code   RO         3520    i.OLED_Clear        bsp_oled.o
    0x0800203c   0x0800203c   0x00000090   Code   RO         3521    i.OLED_ClearArea    bsp_oled.o
    0x080020cc   0x080020cc   0x0000004c   Code   RO         3529    i.OLED_GPIO_Init    bsp_oled.o
    0x08002118   0x08002118   0x0000003e   Code   RO         3531    i.OLED_I2C_SendByte  bsp_oled.o
    0x08002156   0x08002156   0x0000001c   Code   RO         3532    i.OLED_I2C_Start    bsp_oled.o
    0x08002172   0x08002172   0x00000016   Code   RO         3533    i.OLED_I2C_Stop     bsp_oled.o
    0x08002188   0x08002188   0x0000009a   Code   RO         3534    i.OLED_Init         bsp_oled.o
    0x08002222   0x08002222   0x00000032   Code   RO         3537    i.OLED_Printf       bsp_oled.o
    0x08002254   0x08002254   0x00000022   Code   RO         3540    i.OLED_SetCursor    bsp_oled.o
    0x08002276   0x08002276   0x00000002   PAD
    0x08002278   0x08002278   0x00000138   Code   RO         3339    i.OLED_Show         app_init.o
    0x080023b0   0x080023b0   0x00000088   Code   RO         3340    i.OLED_Show1        app_init.o
    0x08002438   0x08002438   0x00000088   Code   RO         3341    i.OLED_Show2        app_init.o
    0x080024c0   0x080024c0   0x000000bc   Code   RO         3342    i.OLED_Show3        app_init.o
    0x0800257c   0x0800257c   0x000000bc   Code   RO         3343    i.OLED_Show4        app_init.o
    0x08002638   0x08002638   0x000000b8   Code   RO         3344    i.OLED_Show5        app_init.o
    0x080026f0   0x080026f0   0x00000054   Code   RO         3542    i.OLED_ShowChar     bsp_oled.o
    0x08002744   0x08002744   0x000000fc   Code   RO         3545    i.OLED_ShowImage    bsp_oled.o
    0x08002840   0x08002840   0x000001c4   Code   RO         3548    i.OLED_ShowString   bsp_oled.o
    0x08002a04   0x08002a04   0x00000070   Code   RO         3345    i.OLED_Switch       app_init.o
    0x08002a74   0x08002a74   0x00000028   Code   RO         3549    i.OLED_Update       bsp_oled.o
    0x08002a9c   0x08002a9c   0x00000014   Code   RO         3551    i.OLED_W_SCL        bsp_oled.o
    0x08002ab0   0x08002ab0   0x00000014   Code   RO         3552    i.OLED_W_SDA        bsp_oled.o
    0x08002ac4   0x08002ac4   0x00000020   Code   RO         3553    i.OLED_WriteCommand  bsp_oled.o
    0x08002ae4   0x08002ae4   0x0000002e   Code   RO         3554    i.OLED_WriteData    bsp_oled.o
    0x08002b12   0x08002b12   0x00000002   PAD
    0x08002b14   0x08002b14   0x0000026c   Code   RO         4534    i.OneNet_DevLink    onenet.o
    0x08002d80   0x08002d80   0x0000007c   Code   RO         4535    i.OneNet_Publish    onenet.o
    0x08002dfc   0x08002dfc   0x000003fc   Code   RO         4536    i.OneNet_RevPro     onenet.o
    0x080031f8   0x080031f8   0x0000006c   Code   RO         4537    i.OneNet_Subscribe  onenet.o
    0x08003264   0x08003264   0x00000002   Code   RO         3201    i.PendSV_Handler    stm32f10x_it.o
    0x08003266   0x08003266   0x00000002   PAD
    0x08003268   0x08003268   0x00000020   Code   RO         1777    i.RCC_APB2PeriphClockCmd  stm32f10x_rcc.o
    0x08003288   0x08003288   0x00000002   Code   RO         3202    i.SVC_Handler       stm32f10x_it.o
    0x0800328a   0x0800328a   0x00000008   Code   RO           24    i.SetSysClock       system_stm32f10x.o
    0x08003292   0x08003292   0x00000002   PAD
    0x08003294   0x08003294   0x000000e0   Code   RO           25    i.SetSysClockTo72   system_stm32f10x.o
    0x08003374   0x08003374   0x00000040   Code   RO         3889    i.SysTick_Delay     bsp_delay.o
    0x080033b4   0x080033b4   0x00000002   Code   RO         3203    i.SysTick_Handler   stm32f10x_it.o
    0x080033b6   0x080033b6   0x00000002   PAD
    0x080033b8   0x080033b8   0x00000060   Code   RO           27    i.SystemInit        system_stm32f10x.o
    0x08003418   0x08003418   0x00000018   Code   RO         3772    i.TIM2_IRQHandler   bsp_timer.o
    0x08003430   0x08003430   0x00000006   Code   RO         2416    i.TIM_ClearITPendingBit  stm32f10x_tim.o
    0x08003436   0x08003436   0x00000012   Code   RO         2441    i.TIM_GetFlagStatus  stm32f10x_tim.o
    0x08003448   0x08003448   0x0000004c   Code   RO         4298    i.USART1_IRQHandler  esp8266.o
    0x08003494   0x08003494   0x0000001c   Code   RO         3793    i.USART3_IRQHandler  bsp_usart.o
    0x080034b0   0x080034b0   0x00000012   Code   RO         2956    i.USART_ClearFlag   stm32f10x_usart.o
    0x080034c2   0x080034c2   0x0000001a   Code   RO         2963    i.USART_GetFlagStatus  stm32f10x_usart.o
    0x080034dc   0x080034dc   0x00000054   Code   RO         2964    i.USART_GetITStatus  stm32f10x_usart.o
    0x08003530   0x08003530   0x00000008   Code   RO         2977    i.USART_SendData    stm32f10x_usart.o
    0x08003538   0x08003538   0x00000004   Code   RO         3204    i.UsageFault_Handler  stm32f10x_it.o
    0x0800353c   0x0800353c   0x00000048   Code   RO         3796    i.Usart_Printf      bsp_usart.o
    0x08003584   0x08003584   0x0000003c   Code   RO         3797    i.Usart_SendString  bsp_usart.o
    0x080035c0   0x080035c0   0x00000028   Code   RO         4860    i.__0sprintf        mc_w.l(printfa.o)
    0x080035e8   0x080035e8   0x0000002c   Code   RO         4863    i.__0vsnprintf      mc_w.l(printfa.o)
    0x08003614   0x08003614   0x00000024   Code   RO         4864    i.__0vsprintf       mc_w.l(printfa.o)
    0x08003638   0x08003638   0x00000028   Code   RO         4972    i.__ARM_fpclassify  m_ws.l(fpclassify.o)
    0x08003660   0x08003660   0x000000aa   Code   RO         4974    i.__kernel_poly     m_ws.l(poly.o)
    0x0800370a   0x0800370a   0x00000002   PAD
    0x0800370c   0x0800370c   0x00000010   Code   RO         4958    i.__mathlib_dbl_divzero  m_ws.l(dunder.o)
    0x0800371c   0x0800371c   0x00000004   Code   RO         4960    i.__mathlib_dbl_infnan2  m_ws.l(dunder.o)
    0x08003720   0x08003720   0x0000000c   Code   RO         4961    i.__mathlib_dbl_invalid  m_ws.l(dunder.o)
    0x0800372c   0x0800372c   0x0000000e   Code   RO         4962    i.__mathlib_dbl_overflow  m_ws.l(dunder.o)
    0x0800373a   0x0800373a   0x00000002   PAD
    0x0800373c   0x0800373c   0x00000010   Code   RO         4964    i.__mathlib_dbl_underflow  m_ws.l(dunder.o)
    0x0800374c   0x0800374c   0x0000000e   Code   RO         5040    i.__scatterload_copy  mc_w.l(handlers.o)
    0x0800375a   0x0800375a   0x00000002   Code   RO         5041    i.__scatterload_null  mc_w.l(handlers.o)
    0x0800375c   0x0800375c   0x0000000e   Code   RO         5042    i.__scatterload_zeroinit  mc_w.l(handlers.o)
    0x0800376a   0x0800376a   0x00000002   PAD
    0x0800376c   0x0800376c   0x0000000c   Code   RO         5016    i.__set_errno       mc_w.l(errno.o)
    0x08003778   0x08003778   0x00000184   Code   RO         4865    i._fp_digits        mc_w.l(printfa.o)
    0x080038fc   0x080038fc   0x000006dc   Code   RO         4866    i._printf_core      mc_w.l(printfa.o)
    0x08003fd8   0x08003fd8   0x00000024   Code   RO         4867    i._printf_post_padding  mc_w.l(printfa.o)
    0x08003ffc   0x08003ffc   0x0000002e   Code   RO         4868    i._printf_pre_padding  mc_w.l(printfa.o)
    0x0800402a   0x0800402a   0x00000016   Code   RO         4869    i._snputc           mc_w.l(printfa.o)
    0x08004040   0x08004040   0x0000000a   Code   RO         4870    i._sputc            mc_w.l(printfa.o)
    0x0800404a   0x0800404a   0x00000002   PAD
    0x0800404c   0x0800404c   0x00000058   Code   RO         3958    i.cJSON_Delete      cjson.o
    0x080040a4   0x080040a4   0x0000001e   Code   RO         3967    i.cJSON_GetObjectItem  cjson.o
    0x080040c2   0x080040c2   0x00000002   PAD
    0x080040c4   0x080040c4   0x00000020   Code   RO         3971    i.cJSON_New_Item    cjson.o
    0x080040e4   0x080040e4   0x00000010   Code   RO         3972    i.cJSON_Parse       cjson.o
    0x080040f4   0x080040f4   0x00000064   Code   RO         3973    i.cJSON_ParseWithOpts  cjson.o
    0x08004158   0x08004158   0x0000004c   Code   RO         3979    i.cJSON_strcasecmp  cjson.o
    0x080041a4   0x080041a4   0x00000050   Code   RO         4886    i.free              mc_w.l(malloc.o)
    0x080041f4   0x080041f4   0x0000000a   Code   RO         3259    i.main              main.o
    0x080041fe   0x080041fe   0x00000002   PAD
    0x08004200   0x08004200   0x0000006c   Code   RO         4887    i.malloc            mc_w.l(malloc.o)
    0x0800426c   0x0800426c   0x000000ac   Code   RO         3983    i.parse_array       cjson.o
    0x08004318   0x08004318   0x00000114   Code   RO         3984    i.parse_hex4        cjson.o
    0x0800442c   0x0800442c   0x000001bc   Code   RO         3985    i.parse_number      cjson.o
    0x080045e8   0x080045e8   0x00000114   Code   RO         3986    i.parse_object      cjson.o
    0x080046fc   0x080046fc   0x000001cc   Code   RO         3987    i.parse_string      cjson.o
    0x080048c8   0x080048c8   0x000000bc   Code   RO         3988    i.parse_value       cjson.o
    0x08004984   0x08004984   0x000009d8   Code   RO         4589    i.pow               m_ws.l(pow.o)
    0x0800535c   0x0800535c   0x00000012   Code   RO         3996    i.skip              cjson.o
    0x0800536e   0x0800536e   0x0000004c   Code   RO         4978    i.sqrt              m_ws.l(sqrt.o)
    0x080053ba   0x080053ba   0x00000029   Data   RO         3347    .constdata          app_init.o
    0x080053e3   0x080053e3   0x00000c0c   Data   RO         3759    .constdata          bsp_oledfont.o
    0x08005fef   0x08005fef   0x00000007   Data   RO         3999    .constdata          cjson.o
    0x08005ff6   0x08005ff6   0x00000002   PAD
    0x08005ff8   0x08005ff8   0x00000088   Data   RO         4590    .constdata          m_ws.l(pow.o)
    0x08006080   0x08006080   0x00000008   Data   RO         4976    .constdata          m_ws.l(qnan.o)
    0x08006088   0x08006088   0x00000091   Data   RO         3348    .conststring        app_init.o
    0x08006119   0x08006119   0x00000003   PAD
    0x0800611c   0x0800611c   0x0000007b   Data   RO         4538    .conststring        onenet.o
    0x08006197   0x08006197   0x00000001   PAD
    0x08006198   0x08006198   0x00000020   Data   RO         5038    Region$$Table       anon$$obj.o


    Execution Region RW_IRAM1 (Exec base: 0x20000000, Load base: 0x080061b8, Size: 0x00000e08, Max: 0x00005000, ABSOLUTE)

    Exec Addr    Load Addr    Size         Type   Attr      Idx    E Section Name        Object

    0x20000000   0x080061b8   0x00000037   Data   RW         3349    .data               app_init.o
    0x20000037   0x080061ef   0x00000001   PAD
    0x20000038   0x080061f0   0x00000006   Data   RW         3413    .data               bsp_adc.o
    0x2000003e   0x080061f6   0x00000001   Data   RW         3485    .data               bsp_key.o
    0x2000003f   0x080061f7   0x00000001   PAD
    0x20000040   0x080061f8   0x00000008   Data   RW         3890    .data               bsp_delay.o
    0x20000048   0x08006200   0x0000000c   Data   RW         4000    .data               cjson.o
    0x20000054   0x0800620c   0x00000004   Data   RW         4300    .data               esp8266.o
    0x20000058   0x08006210   0x00000002   Data   RW         4539    .data               onenet.o
    0x2000005a   0x08006212   0x00000002   PAD
    0x2000005c   0x08006214   0x00000004   Data   RW         5012    .data               mc_w.l(mvars.o)
    0x20000060   0x08006218   0x00000004   Data   RW         5013    .data               mc_w.l(mvars.o)
    0x20000064   0x0800621c   0x00000004   Data   RW         5017    .data               mc_w.l(errno.o)
    0x20000068        -       0x000001a0   Zero   RW         3346    .bss                app_init.o
    0x20000208        -       0x00000400   Zero   RW         3556    .bss                bsp_oled.o
    0x20000608        -       0x00000200   Zero   RW         4299    .bss                esp8266.o
    0x20000808        -       0x00000200   Zero   RW            2    HEAP                startup_stm32f10x_md.o
    0x20000a08        -       0x00000400   Zero   RW            1    STACK               startup_stm32f10x_md.o


==============================================================================

Image component sizes


      Code (inc. data)   RO Data    RW Data    ZI Data      Debug   Object Name

        68          8          0          0          0        429   app_alarm.o
      1700        452        186         55        416       5713   app_init.o
       172         26          0          6          0       1360   bsp_adc.o
       130         12          0          8          0       1821   bsp_delay.o
       384         32          0          0          0       3654   bsp_dht11.o
       146          4          0          0          0       1564   bsp_filter.o
       164         12          0          1          0        966   bsp_key.o
        56          6          0          0          0        415   bsp_led.o
      1556         50          0          0       1024      10357   bsp_oled.o
         0          0       3084          0          0        934   bsp_oledfont.o
        24          0          0          0          0        398   bsp_timer.o
       160          4          0          0          0       2062   bsp_usart.o
      2176         82          7         12          0      10721   cjson.o
         0          0          0          0          0       4500   core_cm3.o
       824        334          0          4        512       4439   esp8266.o
        10          0          0          0          0       1507   main.o
         0          0          0          0          0     201640   misc.o
      2812         34          0          0          0      16793   mqttkit.o
      1872        956        123          2          0       5702   onenet.o
        36          8        236          0       1536        776   startup_stm32f10x_md.o
       314          0          0          0          0      12020   stm32f10x_gpio.o
        26          0          0          0          0       3334   stm32f10x_it.o
        32          6          0          0          0        493   stm32f10x_rcc.o
        24          0          0          0          0      21700   stm32f10x_tim.o
       136          0          0          0          0       9465   stm32f10x_usart.o
       328         28          0          0          0       9957   system_stm32f10x.o

    ----------------------------------------------------------------------
     13178       2054       3674         92       3488     332720   Object Totals
         0          0         32          0          0          0   (incl. Generated)
        28          0          6          4          0          0   (incl. Padding)

    ----------------------------------------------------------------------

      Code (inc. data)   RO Data    RW Data    ZI Data      Debug   Library Member Name

        62         10          0          0          0        340   dunder.o
        40          0          0          0          0         68   fpclassify.o
       170          0          0          0          0         96   poly.o
      2520        190        136          0          0        324   pow.o
         0          0          8          0          0          0   qnan.o
        76          0          0          0          0         84   sqrt.o
         0          0          0          0          0          0   entry.o
         0          0          0          0          0          0   entry10a.o
         0          0          0          0          0          0   entry11a.o
         8          4          0          0          0          0   entry2.o
         4          0          0          0          0          0   entry5.o
         0          0          0          0          0          0   entry7b.o
         0          0          0          0          0          0   entry8b.o
         8          4          0          0          0          0   entry9a.o
        12          6          0          4          0         68   errno.o
        30          0          0          0          0          0   handlers.o
        36          8          0          0          0         68   init.o
         0          0          0          0          0          0   iusefp.o
        30          0          0          0          0         68   llshl.o
        36          0          0          0          0         68   llsshr.o
        32          0          0          0          0         68   llushr.o
       188         20          0          0          0        160   malloc.o
        36          0          0          0          0         68   memcpya.o
        36          0          0          0          0        108   memseta.o
         0          0          0          8          0          0   mvars.o
      2378         96          0          0          0        748   printfa.o
        20          0          0          0          0         68   strchr.o
        28          0          0          0          0         76   strcmp.o
        14          0          0          0          0         68   strlen.o
        40          0          0          0          0         76   strncat.o
        30          0          0          0          0         80   strncmp.o
        36          0          0          0          0         80   strstr.o
        12          0          0          0          0         68   tolower.o
        44          0          0          0          0         80   uidiv.o
        98          0          0          0          0         92   uldiv.o
        48          0          0          0          0         68   cdrcmple.o
        56          0          0          0          0         88   d2f.o
       334          0          0          0          0        148   dadd.o
       222          0          0          0          0        100   ddiv.o
       186          0          0          0          0        176   depilogue.o
        62          0          0          0          0         80   dfixi.o
        48          0          0          0          0         68   dfixul.o
        34          0          0          0          0         76   dflti.o
       228          0          0          0          0         96   dmul.o
        46          0          0          0          0         80   dscalb.o
       162          0          0          0          0        100   dsqrt.o
        38          0          0          0          0         68   f2d.o
       176          0          0          0          0        140   fadd.o
       124          0          0          0          0         88   fdiv.o
       110          0          0          0          0        168   fepilogue.o
        10          0          0          0          0         68   ffltui.o
       100          0          0          0          0         76   fmul.o

    ----------------------------------------------------------------------
      8020        338        144         12          0       4712   Library Totals
        12          0          0          0          0          0   (incl. Padding)

    ----------------------------------------------------------------------

      Code (inc. data)   RO Data    RW Data    ZI Data      Debug   Library Name

      2868        200        144          0          0        912   m_ws.l
      3156        138          0         12          0       2112   mc_w.l
      1984          0          0          0          0       1688   mf_w.l

    ----------------------------------------------------------------------
      8020        338        144         12          0       4712   Library Totals

    ----------------------------------------------------------------------

==============================================================================


      Code (inc. data)   RO Data    RW Data    ZI Data      Debug   

     21198       2392       3818        104       3488     329056   Grand Totals
     21198       2392       3818        104       3488     329056   ELF Image Totals
     21198       2392       3818        104          0          0   ROM Totals

==============================================================================

    Total RO  Size (Code + RO Data)                25016 (  24.43kB)
    Total RW  Size (RW Data + ZI Data)              3592 (   3.51kB)
    Total ROM Size (Code + RO Data + RW Data)      25120 (  24.53kB)

==============================================================================

